[    0.000000] Initializing cgroup subsys cpuset
[    0.000000] Initializing cgroup subsys cpu
[    0.000000] Initializing cgroup subsys cpuacct
[    0.000000] Linux version 4.4.0-208-generic (buildd@lcy01-amd64-014) (gcc version 5.4.0 20160609 (Ubuntu 5.4.0-6ubuntu1~16.04.12) ) #240-Ubuntu SMP Thu Apr 1 11:08:43 UTC 2021 (Ubuntu 4.4.0-208.240-generic 4.4.262)
[    0.000000] Command line: BOOT_IMAGE=/boot/vmlinuz-4.4.0-208-generic root=UUID=8cfa5353-4f48-4ac8-8e4a-15e0f9fb51dd ro console=tty1 console=ttyS0
[    0.000000] KERNEL supported cpus:
[    0.000000]   Intel GenuineIntel
[    0.000000]   AMD AuthenticAMD
[    0.000000]   Centaur CentaurHauls
[    0.000000] x86/fpu: xstate_offset[2]:  576, xstate_sizes[2]:  256
[    0.000000] x86/fpu: Supporting XSAVE feature 0x01: 'x87 floating point registers'
[    0.000000] x86/fpu: Supporting XSAVE feature 0x02: 'SSE registers'
[    0.000000] x86/fpu: Supporting XSAVE feature 0x04: 'AVX registers'
[    0.000000] x86/fpu: Enabled xstate features 0x7, context size is 832 bytes, using 'standard' format.
[    0.000000] e820: BIOS-provided physical RAM map:
[    0.000000] BIOS-e820: [mem 0x0000000000000000-0x000000000009fbff] usable
[    0.000000] BIOS-e820: [mem 0x000000000009fc00-0x000000000009ffff] reserved
[    0.000000] BIOS-e820: [mem 0x00000000000f0000-0x00000000000fffff] reserved
[    0.000000] BIOS-e820: [mem 0x0000000000100000-0x000000003ffeffff] usable
[    0.000000] BIOS-e820: [mem 0x000000003fff0000-0x000000003fffffff] ACPI data
[    0.000000] BIOS-e820: [mem 0x00000000fec00000-0x00000000fec00fff] reserved
[    0.000000] BIOS-e820: [mem 0x00000000fee00000-0x00000000fee00fff] reserved
[    0.000000] BIOS-e820: [mem 0x00000000fffc0000-0x00000000ffffffff] reserved
[    0.000000] NX (Execute Disable) protection: active
[    0.000000] SMBIOS 2.5 present.
[    0.000000] Hypervisor detected: KVM
[    0.000000] e820: last_pfn = 0x3fff0 max_arch_pfn = 0x400000000
[    0.000000] MTRR: Disabled
[    0.000000] x86/PAT: MTRRs disabled, skipping PAT initialization too.
[    0.000000] CPU MTRRs all blank - virtualized system.
[    0.000000] x86/PAT: Configuration [0-7]: WB  WT  UC- UC  WB  WT  UC- UC  
[    0.000000] found SMP MP-table at [mem 0x0009fff0-0x0009ffff] mapped at [ffff88000009fff0]
[    0.000000] Scanning 1 areas for low memory corruption
[    0.000000] RAMDISK: [mem 0x36144000-0x37099fff]
[    0.000000] ACPI: Early table checksum verification disabled
[    0.000000] ACPI: RSDP 0x00000000000E0000 000024 (v02 VBOX  )
[    0.000000] ACPI: XSDT 0x000000003FFF0030 00003C (v01 VBOX   VBOXXSDT 00000001 ASL  00000061)
[    0.000000] ACPI: FACP 0x000000003FFF00F0 0000F4 (v04 VBOX   VBOXFACP 00000001 ASL  00000061)
[    0.000000] ACPI: DSDT 0x000000003FFF0470 002325 (v02 VBOX   VBOXBIOS 00000002 INTL 20100528)
[    0.000000] ACPI: FACS 0x000000003FFF0200 000040
[    0.000000] ACPI: FACS 0x000000003FFF0200 000040
[    0.000000] ACPI: APIC 0x000000003FFF0240 00005C (v02 VBOX   VBOXAPIC 00000001 ASL  00000061)
[    0.000000] ACPI: SSDT 0x000000003FFF02A0 0001CC (v01 VBOX   VBOXCPUT 00000002 INTL 20100528)
[    0.000000] No NUMA configuration found
[    0.000000] Faking a node at [mem 0x0000000000000000-0x000000003ffeffff]
[    0.000000] NODE_DATA(0) allocated [mem 0x3ffeb000-0x3ffeffff]
[    0.000000] kvm-clock: Using msrs 4b564d01 and 4b564d00
[    0.000000] kvm-clock: cpu 0, msr 0:3ffe3001, primary cpu clock
[    0.000000] kvm-clock: using sched offset of 3682944237 cycles
[    0.000000] clocksource: kvm-clock: mask: 0xffffffffffffffff max_cycles: 0x1cd42e4dffb, max_idle_ns: 881590591483 ns
[    0.000000] Zone ranges:
[    0.000000]   DMA      [mem 0x0000000000001000-0x0000000000ffffff]
[    0.000000]   DMA32    [mem 0x0000000001000000-0x000000003ffeffff]
[    0.000000]   Normal   empty
[    0.000000]   Device   empty
[    0.000000] Movable zone start for each node
[    0.000000] Early memory node ranges
[    0.000000]   node   0: [mem 0x0000000000001000-0x000000000009efff]
[    0.000000]   node   0: [mem 0x0000000000100000-0x000000003ffeffff]
[    0.000000] Initmem setup node 0 [mem 0x0000000000001000-0x000000003ffeffff]
[    0.000000] ACPI: PM-Timer IO Port: 0x4008
[    0.000000] IOAPIC[0]: apic_id 2, version 32, address 0xfec00000, GSI 0-23
[    0.000000] ACPI: INT_SRC_OVR (bus 0 bus_irq 0 global_irq 2 dfl dfl)
[    0.000000] ACPI: INT_SRC_OVR (bus 0 bus_irq 9 global_irq 9 low level)
[    0.000000] Using ACPI (MADT) for SMP configuration information
[    0.000000] smpboot: Allowing 2 CPUs, 0 hotplug CPUs
[    0.000000] PM: Registered nosave memory: [mem 0x00000000-0x00000fff]
[    0.000000] PM: Registered nosave memory: [mem 0x0009f000-0x0009ffff]
[    0.000000] PM: Registered nosave memory: [mem 0x000a0000-0x000effff]
[    0.000000] PM: Registered nosave memory: [mem 0x000f0000-0x000fffff]
[    0.000000] e820: [mem 0x40000000-0xfebfffff] available for PCI devices
[    0.000000] Booting paravirtualized kernel on KVM
[    0.000000] clocksource: refined-jiffies: mask: 0xffffffff max_cycles: 0xffffffff, max_idle_ns: 7645519600211568 ns
[    0.000000] setup_percpu: NR_CPUS:512 nr_cpumask_bits:512 nr_cpu_ids:2 nr_node_ids:1
[    0.000000] PERCPU: Embedded 33 pages/cpu @ffff88003fc00000 s95192 r8192 d31784 u1048576
[    0.000000] Built 1 zonelists in Node order, mobility grouping on.  Total pages: 257912
[    0.000000] Policy zone: DMA32
[    0.000000] Kernel command line: BOOT_IMAGE=/boot/vmlinuz-4.4.0-208-generic root=UUID=8cfa5353-4f48-4ac8-8e4a-15e0f9fb51dd ro console=tty1 console=ttyS0
[    0.000000] PID hash table entries: 4096 (order: 3, 32768 bytes)
[    0.000000] Memory: 996976K/1048120K available (8644K kernel code, 1332K rwdata, 4044K rodata, 1492K init, 1164K bss, 51144K reserved, 0K cma-reserved)
[    0.000000] SLUB: HWalign=64, Order=0-3, MinObjects=0, CPUs=2, Nodes=1
[    0.000000] Kernel/User page tables isolation: enabled
[    0.000000] Hierarchical RCU implementation.
[    0.000000] 	Build-time adjustment of leaf fanout to 64.
[    0.000000] 	RCU restricting CPUs from NR_CPUS=512 to nr_cpu_ids=2.
[    0.000000] RCU: Adjusting geometry for rcu_fanout_leaf=64, nr_cpu_ids=2
[    0.000000] NR_IRQS:33024 nr_irqs:440 16
[    0.000000] Console: colour VGA+ 80x25
[    0.000000] console [tty1] enabled
[    0.000000] console [ttyS0] enabled
[    0.000000] tsc: Detected 2904.002 MHz processor
[    0.145187] Calibrating delay loop (skipped) preset value.. 5808.00 BogoMIPS (lpj=11616008)
[    0.146965] pid_max: default: 32768 minimum: 301
[    0.147805] ACPI: Core revision 20150930
[    0.149435] ACPI: 2 ACPI AML tables successfully acquired and loaded
[    0.150881] Security Framework initialized
[    0.151859] Yama: becoming mindful.
[    0.153083] AppArmor: AppArmor initialized
[    0.154074] Dentry cache hash table entries: 131072 (order: 8, 1048576 bytes)
[    0.158163] Inode-cache hash table entries: 65536 (order: 7, 524288 bytes)
[    0.159390] Mount-cache hash table entries: 2048 (order: 2, 16384 bytes)
[    0.160486] Mountpoint-cache hash table entries: 2048 (order: 2, 16384 bytes)
[    0.161726] Initializing cgroup subsys io
[    0.162527] Initializing cgroup subsys memory
[    0.163325] Initializing cgroup subsys devices
[    0.164122] Initializing cgroup subsys freezer
[    0.164905] Initializing cgroup subsys net_cls
[    0.165795] Initializing cgroup subsys perf_event
[    0.166607] Initializing cgroup subsys net_prio
[    0.167383] Initializing cgroup subsys hugetlb
[    0.168628] Initializing cgroup subsys pids
[    0.183567] mce: CPU supports 0 MCE banks
[    0.184414] Last level iTLB entries: 4KB 64, 2MB 8, 4MB 8
[    0.185959] Last level dTLB entries: 4KB 64, 2MB 0, 4MB 0, 1GB 4
[    0.188056] Spectre V1 : Mitigation: usercopy/swapgs barriers and __user pointer sanitization
[    0.189712] Spectre V2 : Mitigation: Full generic retpoline
[    0.191464] Spectre V2 : Spectre v2 / SpectreRSB mitigation: Filling RSB on context switch
[    0.194852] Speculative Store Bypass: Vulnerable
[    0.196212] SRBDS: Unknown: Dependent on hypervisor status
[    0.197243] MDS: Mitigation: Clear CPU buffers
[    0.200913] Freeing SMP alternatives memory: 36K
[    0.209518] ftrace: allocating 32380 entries in 127 pages
[    0.275384] smpboot: APIC(0) Converting physical 0 to logical package 0
[    0.276516] smpboot: Max logical packages: 1
[    0.277601] x2apic enabled
[    0.278394] Switched APIC routing to physical x2apic.
[    0.280326] ..TIMER: vector=0x30 apic1=0 pin1=2 apic2=-1 pin2=-1
[    0.389456] smpboot: CPU0: Intel(R) Core(TM) i7-7500U CPU @ 2.70GHz (family: 0x6, model: 0x8e, stepping: 0x9)
[    0.391476] Performance Events: unsupported p6 CPU model 142 no PMU driver, software events only.
[    0.404047] KVM setup paravirtual spinlock
[    0.405911] x86: Booting SMP configuration:
[    0.406707] .... node  #0, CPUs:      #1
[    0.407507] kvm-clock: cpu 1, msr 0:3ffe3041, secondary cpu clock
[    0.422378] mce: CPU supports 0 MCE banks
[    0.425702] x86: Booted up 1 node, 2 CPUs
[    0.426698] smpboot: Total of 2 processors activated (11616.00 BogoMIPS)
[    0.428205] devtmpfs: initialized
[    0.430594] evm: security.selinux
[    0.431307] evm: security.SMACK64
[    0.431992] evm: security.SMACK64EXEC
[    0.432834] evm: security.SMACK64TRANSMUTE
[    0.433748] evm: security.SMACK64MMAP
[    0.434458] evm: security.ima
[    0.435468] evm: security.capability
[    0.436482] clocksource: jiffies: mask: 0xffffffff max_cycles: 0xffffffff, max_idle_ns: 7645041785100000 ns
[    0.439169] futex hash table entries: 512 (order: 3, 32768 bytes)
[    0.440739] pinctrl core: initialized pinctrl subsystem
[    0.441880] RTC time: 12:38:52, date: 04/14/21
[    0.443085] NET: Registered protocol family 16
[    0.453938] cpuidle: using governor ladder
[    0.465621] cpuidle: using governor menu
[    0.467968] PCCT header not found.
[    0.471465] ACPI: bus type PCI registered
[    0.473967] acpiphp: ACPI Hot Plug PCI Controller Driver version: 0.5
[    0.476636] PCI: Using configuration type 1 for base access
[    0.489966] ACPI: Added _OSI(Module Device)
[    0.490974] ACPI: Added _OSI(Processor Device)
[    0.491914] ACPI: Added _OSI(3.0 _SCP Extensions)
[    0.492955] ACPI: Added _OSI(Processor Aggregator Device)
[    0.494709] ACPI: Executed 1 blocks of module-level executable AML code
[    0.497915] ACPI: Interpreter enabled
[    0.498741] ACPI: (supports S0 S5)
[    0.499523] ACPI: Using IOAPIC for interrupt routing
[    0.500570] PCI: Using host bridge windows from ACPI; if necessary, use "pci=nocrs" and report a bug
[    0.508257] ACPI: PCI Root Bridge [PCI0] (domain 0000 [bus 00-ff])
[    0.509947] acpi PNP0A03:00: _OSC: OS supports [ASPM ClockPM Segments MSI]
[    0.511371] acpi PNP0A03:00: _OSC: not requesting OS control; OS requires [ExtendedConfig ASPM ClockPM MSI]
[    0.513387] acpi PNP0A03:00: fail to add MMCONFIG information, can't access extended PCI configuration space under this bridge.
[    0.515614] PCI host bridge to bus 0000:00
[    0.516407] pci_bus 0000:00: root bus resource [io  0x0000-0x0cf7 window]
[    0.517543] pci_bus 0000:00: root bus resource [io  0x0d00-0xffff window]
[    0.519226] pci_bus 0000:00: root bus resource [mem 0x000a0000-0x000bffff window]
[    0.520813] pci_bus 0000:00: root bus resource [mem 0x40000000-0xfdffffff window]
[    0.522270] pci_bus 0000:00: root bus resource [bus 00-ff]
[    0.524882] pci 0000:00:01.1: legacy IDE quirk: reg 0x10: [io  0x01f0-0x01f7]
[    0.526051] pci 0000:00:01.1: legacy IDE quirk: reg 0x14: [io  0x03f6]
[    0.527053] pci 0000:00:01.1: legacy IDE quirk: reg 0x18: [io  0x0170-0x0177]
[    0.537491] pci 0000:00:01.1: legacy IDE quirk: reg 0x1c: [io  0x0376]
[    0.555232] pci 0000:00:07.0: quirk: [io  0x4000-0x403f] claimed by PIIX4 ACPI
[    0.556768] pci 0000:00:07.0: quirk: [io  0x4100-0x410f] claimed by PIIX4 SMB
[    0.568608] ACPI: PCI Interrupt Link [LNKA] (IRQs 5 9 10 *11)
[    0.571687] ACPI: PCI Interrupt Link [LNKB] (IRQs 5 9 *10 11)
[    0.573528] ACPI: PCI Interrupt Link [LNKC] (IRQs 5 *9 10 11)
[    0.575067] ACPI: PCI Interrupt Link [LNKD] (IRQs 5 9 10 *11)
[    0.576773] ACPI: Enabled 2 GPEs in block 00 to 07
[    0.578105] vgaarb: setting as boot device: PCI:0000:00:02.0
[    0.579182] vgaarb: device added: PCI:0000:00:02.0,decodes=io+mem,owns=io+mem,locks=none
[    0.580661] vgaarb: loaded
[    0.581285] vgaarb: bridge control possible 0000:00:02.0
[    0.582582] SCSI subsystem initialized
[    0.583491] ACPI: bus type USB registered
[    0.584330] usbcore: registered new interface driver usbfs
[    0.586422] usbcore: registered new interface driver hub
[    0.587573] usbcore: registered new device driver usb
[    0.591814] PCI: Using ACPI for IRQ routing
[    0.593036] NetLabel: Initializing
[    0.595911] NetLabel:  domain hash size = 128
[    0.598514] NetLabel:  protocols = UNLABELED CIPSOv4
[    0.599469] NetLabel:  unlabeled traffic allowed by default
[    0.600712] amd_nb: Cannot enumerate AMD northbridges
[    0.602566] clocksource: Switched to clocksource kvm-clock
[    0.615874] AppArmor: AppArmor Filesystem Enabled
[    0.617101] pnp: PnP ACPI init
[    0.619564] pnp: PnP ACPI: found 3 devices
[    0.634232] clocksource: acpi_pm: mask: 0xffffff max_cycles: 0xffffff, max_idle_ns: 2085701024 ns
[    0.636720] NET: Registered protocol family 2
[    0.638420] TCP established hash table entries: 8192 (order: 4, 65536 bytes)
[    0.640458] TCP bind hash table entries: 8192 (order: 5, 131072 bytes)
[    0.642832] TCP: Hash tables configured (established 8192 bind 8192)
[    0.643932] UDP hash table entries: 512 (order: 2, 16384 bytes)
[    0.644949] UDP-Lite hash table entries: 512 (order: 2, 16384 bytes)
[    0.646260] NET: Registered protocol family 1
[    0.647168] pci 0000:00:00.0: Limiting direct PCI/PCI transfers
[    0.648283] pci 0000:00:01.0: Activating ISA DMA hang workarounds
[    0.649518] Unpacking initramfs...
[    0.936915] Freeing initrd memory: 15704K
[    0.938045] clocksource: tsc: mask: 0xffffffffffffffff max_cycles: 0x29dc079b5d9, max_idle_ns: 440795223751 ns
[    0.939939] platform rtc_cmos: registered platform RTC device (no PNP device found)
[    0.942627] Scanning for low memory corruption every 60 seconds
[    0.943994] audit: initializing netlink subsys (disabled)
[    0.944929] audit: type=2000 audit(1618403937.187:1): initialized
[    0.946153] Initialise system trusted keyring
[    0.947184] HugeTLB registered 2 MB page size, pre-allocated 0 pages
[    0.949464] zbud: loaded
[    0.950393] VFS: Disk quotas dquot_6.6.0
[    0.951158] VFS: Dquot-cache hash table entries: 512 (order 0, 4096 bytes)
[    0.952959] squashfs: version 4.0 (2009/01/31) Phillip Lougher
[    0.954618] fuse init (API version 7.23)
[    0.955866] Key type big_key registered
[    0.956745] Allocating IMA MOK and blacklist keyrings.
[    0.961096] Key type asymmetric registered
[    0.961878] Asymmetric key parser 'x509' registered
[    0.962814] Block layer SCSI generic (bsg) driver version 0.4 loaded (major 249)
[    0.964373] io scheduler noop registered
[    0.965225] io scheduler deadline registered (default)
[    0.966320] io scheduler cfq registered
[    0.967181] pci_hotplug: PCI Hot Plug PCI Core version: 0.5
[    0.968273] pciehp: PCI Express Hot Plug Controller Driver version: 0.4
[    0.970259] ACPI: AC Adapter [AC] (on-line)
[    0.971556] input: Power Button as /devices/LNXSYSTM:00/LNXPWRBN:00/input/input0
[    0.972910] ACPI: Power Button [PWRF]
[    0.973647] input: Sleep Button as /devices/LNXSYSTM:00/LNXSLPBN:00/input/input1
[    0.974950] ACPI: Sleep Button [SLPF]
[    0.975893] GHES: HEST is not enabled!
[    0.977187] ACPI: Battery Slot [BAT0] (battery present)
[    0.978086] Serial: 8250/16550 driver, 32 ports, IRQ sharing enabled
[    0.999746] 00:02: ttyS0 at I/O 0x3f8 (irq = 4, base_baud = 115200) is a 16550A
[    1.002325] Linux agpgart interface v0.103
[    1.005171] loop: module loaded
[    1.006738] scsi host0: ata_piix
[    1.007515] scsi host1: ata_piix
[    1.008166] ata1: PATA max UDMA/33 cmd 0x1f0 ctl 0x3f6 bmdma 0xd000 irq 14
[    1.009465] ata2: PATA max UDMA/33 cmd 0x170 ctl 0x376 bmdma 0xd008 irq 15
[    1.010677] libphy: Fixed MDIO Bus: probed
[    1.011446] tun: Universal TUN/TAP device driver, 1.6
[    1.012301] tun: (C) 1999-2004 Max Krasnyansky <maxk@qualcomm.com>
[    1.013373] PPP generic driver version 2.4.2
[    1.014391] ehci_hcd: USB 2.0 'Enhanced' Host Controller (EHCI) Driver
[    1.015501] ehci-pci: EHCI PCI platform driver
[    1.016294] ehci-platform: EHCI generic platform driver
[    1.017155] ohci_hcd: USB 1.1 'Open' Host Controller (OHCI) Driver
[    1.018432] ohci-pci: OHCI PCI platform driver
[    1.019426] ohci-platform: OHCI generic platform driver
[    1.020533] uhci_hcd: USB Universal Host Controller Interface driver
[    1.021601] i8042: PNP: PS/2 Controller [PNP0303:PS2K,PNP0f03:PS2M] at 0x60,0x64 irq 1,12
[    1.023636] serio: i8042 KBD port at 0x60,0x64 irq 1
[    1.024487] serio: i8042 AUX port at 0x60,0x64 irq 12
[    1.025428] mousedev: PS/2 mouse device common for all mice
[    1.026828] input: AT Translated Set 2 keyboard as /devices/platform/i8042/serio0/input/input2
[    1.028380] rtc_cmos rtc_cmos: rtc core: registered rtc_cmos as rtc0
[    1.030010] rtc_cmos rtc_cmos: alarms up to one day, 114 bytes nvram
[    1.031070] i2c /dev entries driver
[    1.031789] device-mapper: uevent: version 1.0.3
[    1.032678] device-mapper: ioctl: 4.34.0-ioctl (2015-10-28) initialised: dm-devel@redhat.com
[    1.034121] ledtrig-cpu: registered to indicate activity on CPUs
[    1.036218] NET: Registered protocol family 10
[    1.037560] NET: Registered protocol family 17
[    1.038434] Key type dns_resolver registered
[    1.039495] registered taskstats version 1
[    1.040250] Loading compiled-in X.509 certificates
[    1.041610] Loaded X.509 cert 'Build time autogenerated kernel key: a4b2c42f3c1ff894301f5dfced938a35dbe4f21d'
[    1.043372] zswap: loaded using pool lzo/zbud
[    1.045990] Key type trusted registered
[    1.050832] Key type encrypted registered
[    1.052983] AppArmor: AppArmor sha1 policy hashing enabled
[    1.054639] ima: No TPM chip found, activating TPM-bypass!
[    1.056014] ima: Allocated hash algorithm: sha1
[    1.057121] evm: HMAC attrs: 0x1
[    1.058265]   Magic number: 1:891:632
[    1.059592] rtc_cmos rtc_cmos: setting system clock to 2021-04-14 12:38:52 UTC (1618403932)
[    1.061377] BIOS EDD facility v0.16 2004-Jun-25, 0 devices found
[    1.062936] EDD information not available.
[    1.194304] Freeing unused kernel memory: 1492K
[    1.195205] Write protecting the kernel read-only data: 14336k
[    1.196818] Freeing unused kernel memory: 1584K
[    1.197838] Freeing unused kernel memory: 52K
Loading, please wait...
starting version 229
[    1.213013] random: systemd-udevd: uninitialized urandom read (16 bytes read, 3 bits of entropy available)
[    1.213573] random: udevadm: uninitialized urandom read (16 bytes read, 3 bits of entropy available)
[    1.213603] random: udevadm: uninitialized urandom read (16 bytes read, 3 bits of entropy available)
[    1.220085] random: systemd-udevd: uninitialized urandom read (16 bytes read, 3 bits of entropy available)
[    1.223262] random: systemd-udevd: uninitialized urandom read (16 bytes read, 3 bits of entropy available)
[    1.224532] random: udevadm: uninitialized urandom read (16 bytes read, 3 bits of entropy available)
[    1.224599] random: udevadm: uninitialized urandom read (16 bytes read, 3 bits of entropy available)
[    1.224797] random: udevadm: uninitialized urandom read (16 bytes read, 3 bits of entropy available)
[    1.224875] random: udevadm: uninitialized urandom read (16 bytes read, 3 bits of entropy available)
[    1.224978] random: udevadm: uninitialized urandom read (16 bytes read, 3 bits of entropy available)
[    1.297008] e1000: Intel(R) PRO/1000 Network Driver - version 7.3.21-k8-NAPI
[    1.299639] e1000: Copyright (c) 1999-2006 Intel Corporation.
[    1.305244] Fusion MPT base driver 3.04.20
[    1.306739] Copyright (c) 1999-2008 LSI Corporation
[    1.319055] Fusion MPT SPI Host driver 3.04.20
[    1.329643] AVX2 version of gcm_enc/dec engaged.
[    1.330752] AES CTR mode by8 optimization enabled
[    1.516070] input: ImExPS/2 Generic Explorer Mouse as /devices/platform/i8042/serio1/input/input4
[    1.724167] e1000 0000:00:03.0 eth0: (PCI:33MHz:32-bit) 02:b5:11:9f:b1:da
[    1.725935] e1000 0000:00:03.0 eth0: Intel(R) PRO/1000 Network Connection
[    2.137007] e1000 0000:00:08.0 eth1: (PCI:33MHz:32-bit) 08:00:27:eb:24:dc
[    2.139030] e1000 0000:00:08.0 eth1: Intel(R) PRO/1000 Network Connection
[    2.141978] e1000 0000:00:03.0 enp0s3: renamed from eth0
[    2.144073] mptbase: ioc0: Initiating bringup
[    2.163173] e1000 0000:00:08.0 enp0s8: renamed from eth1
[    2.317475] ioc0: LSI53C1030 A0: Capabilities={Initiator}
[    4.318311] scsi host2: ioc0: LSI53C1030 A0, FwRev=00000000h, Ports=1, MaxQ=256, IRQ=20
[    6.394847] scsi 2:0:0:0: Direct-Access     VBOX     HARDDISK         1.0  PQ: 0 ANSI: 5
[    6.396861] scsi target2:0:0: Beginning Domain Validation
[    6.398851] scsi target2:0:0: Domain Validation skipping write tests
[    6.400144] scsi target2:0:0: Ending Domain Validation
[    6.403099] scsi target2:0:0: asynchronous
[    6.404653] scsi 2:0:1:0: Direct-Access     VBOX     HARDDISK         1.0  PQ: 0 ANSI: 5
[    6.414907] scsi target2:0:1: Beginning Domain Validation
[    6.418041] scsi target2:0:1: Domain Validation skipping write tests
[    6.419597] scsi target2:0:1: Ending Domain Validation
[    6.421078] scsi target2:0:1: asynchronous
[    6.428216] sd 2:0:0:0: Attached scsi generic sg0 type 0
[    6.429843] sd 2:0:0:0: [sda] 83886080 512-byte logical blocks: (42.9 GB/40.0 GiB)
[    6.431496] sd 2:0:1:0: [sdb] 20480 512-byte logical blocks: (10.5 MB/10.0 MiB)
[    6.432961] sd 2:0:1:0: Attached scsi generic sg1 type 0
[    6.433958] sd 2:0:0:0: [sda] Write Protect is off
[    6.434255] sd 2:0:1:0: [sdb] Write Protect is off
[    6.434373] sd 2:0:1:0: [sdb] Incomplete mode parameter data
[    6.434374] sd 2:0:1:0: [sdb] Assuming drive cache: write through
[    6.437434] sd 2:0:1:0: [sdb] Attached SCSI disk
[    6.440963] sd 2:0:0:0: [sda] Incomplete mode parameter data
[    6.441961] sd 2:0:0:0: [sda] Assuming drive cache: write through
[    6.445471]  sda: sda1
[    6.446848] sd 2:0:0:0: [sda] Attached SCSI disk
Begin: Loading essential drivers ... [    8.660597] md: linear personality registered for level -1
[    8.663725] md: multipath personality registered for level -4
[    8.666779] md: raid0 personality registered for level 0
[    8.672392] md: raid1 personality registered for level 1
[    8.742787] raid6: sse2x1   gen() 10083 MB/s
[    8.810592] raid6: sse2x1   xor()  7009 MB/s
[    8.878788] raid6: sse2x2   gen() 13352 MB/s
[    8.946671] raid6: sse2x2   xor()  8995 MB/s
[    9.014602] raid6: sse2x4   gen() 15019 MB/s
[    9.083949] raid6: sse2x4   xor()  9966 MB/s
[    9.151259] raid6: avx2x1   gen() 19093 MB/s
[    9.218724] raid6: avx2x2   gen() 23152 MB/s
[    9.286982] raid6: avx2x4   gen() 10887 MB/s
[    9.289586] raid6: using algorithm avx2x2 gen() 23152 MB/s
[    9.291095] raid6: using avx2x2 recovery algorithm
[    9.301522] xor: automatically using best checksumming function:
[    9.343073]    avx       : 16177.000 MB/sec
[    9.346125] async_tx: api initialized (async)
[    9.361099] md: raid6 personality registered for level 6
[    9.362205] md: raid5 personality registered for level 5
[    9.363633] md: raid4 personality registered for level 4
[    9.374857] md: raid10 personality registered for level 10
done.
Begin: Running /scripts/init-premount ... done.
Begin: Mounting root file system ... Begin: Running /scripts/local-top ... done.
Begin: Running /scripts/local-premount ... [    9.431324] Btrfs loaded
Scanning for Btrfs filesystems
done.
Begin: Will now check root file system ... fsck from util-linux 2.27.1
[/sbin/fsck.ext4 (1) -- /dev/sda1] fsck.ext4 -a -C0 /dev/sda1 
cloudimg-rootfs: clean, 100684/5120000 files, 818258/10485499 blocks
done.
[    9.488307] EXT4-fs (sda1): mounted filesystem with ordered data mode. Opts: (null)
done.
Begin: Running /scripts/local-bottom ... done.
Begin: Running /scripts/init-bottom ... done.
[    9.605855] systemd[1]: systemd 229 running in system mode. (+PAM +AUDIT +SELINUX +IMA +APPARMOR +SMACK +SYSVINIT +UTMP +LIBCRYPTSETUP +GCRYPT +GNUTLS +ACL +XZ -LZ4 +SECCOMP +BLKID +ELFUTILS +KMOD -IDN)
[    9.610139] systemd[1]: Detected virtualization oracle.
[    9.611628] systemd[1]: Detected architecture x86-64.

Welcome to [1mUbuntu 16.04.7 LTS[0m!

[    9.616720] systemd[1]: Set hostname to <ubuntu-xenial>.
[   10.207848] systemd[1]: Listening on LVM2 poll daemon socket.
[[0;32m  OK  [0m] Listening on LVM2 poll daemon socket.
[   10.219092] systemd[1]: Listening on Journal Audit Socket.
[[0;32m  OK  [0m] Listening on Journal Audit Socket.
[   10.231039] systemd[1]: Listening on LVM2 metadata daemon socket.
[[0;32m  OK  [0m] Listening on LVM2 metadata daemon socket.
[   10.237021] systemd[1]: Created slice User and Session Slice.
[[0;32m  OK  [0m] Created slice User and Session Slice.
[   10.242114] systemd[1]: Reached target Swap.
[[0;32m  OK  [0m] Reached target Swap.
[   10.245916] systemd[1]: Created slice System Slice.
[[0;32m  OK  [0m] Created slice System Slice.
[   10.309483] systemd[1]: Reached target Slices.
[[0;32m  OK  [0m] Reached target Slices.
[   10.312238] systemd[1]: Started Forward Password Requests to Wall Directory Watch.
[[0;32m  OK  [0m] Started Forward Password Requests to Wall Directory Watch.
[   10.315452] systemd[1]: Listening on Syslog Socket.
[[0;32m  OK  [0m] Listening on Syslog Socket.
[   10.319488] systemd[1]: Reached target Encrypted Volumes.
[[0;32m  OK  [0m] Reached target Encrypted Volumes.
[   10.322567] systemd[1]: Listening on udev Control Socket.
[[0;32m  OK  [0m] Listening on udev Control Socket.
[   10.325589] systemd[1]: Started Trigger resolvconf update for networkd DNS.
[[0;32m  OK  [0m] Started Trigger resolvconf update for networkd DNS.
[   10.329175] systemd[1]: Set up automount Arbitrary Executable File Formats File System Automount Point.
[[0;32m  OK  [0m] Set up automount Arbitrary Executab...ats File System Automount Point.
[   10.333482] systemd[1]: Reached target System Time Synchronized.
[[0;32m  OK  [0m] Reached target System Time Synchronized.
[   10.337923] systemd[1]: Listening on udev Kernel Socket.
[[0;32m  OK  [0m] Listening on udev Kernel Socket.
[   10.340613] systemd[1]: Reached target User and Group Name Lookups.
[[0;32m  OK  [0m] Reached target User and Group Name Lookups.
[   10.343854] systemd[1]: Listening on /dev/initctl Compatibility Named Pipe.
[[0;32m  OK  [0m] Listening on /dev/initctl Compatibility Named Pipe.
[   10.352637] systemd[1]: Listening on fsck to fsckd communication Socket.
[[0;32m  OK  [0m] Listening on fsck to fsckd communication Socket.
[   10.359844] systemd[1]: Listening on Journal Socket.
[[0;32m  OK  [0m] Listening on Journal Socket.
[   10.379664] systemd[1]: Mounting Huge Pages File System...
         Mounting Huge Pages File System...
[   10.383566] systemd[1]: Mounting Debug File System...
         Mounting Debug File System...
[   10.390276] systemd[1]: Starting Remount Root and Kernel File Systems...
         Starting Remount Root and Kernel File Systems...
[   10.397075] systemd[1]: Starting Load Kernel Modules...
         Starting Load Kernel Modules...
[   10.402213] EXT4-fs (sda1): re-mounted. Opts: (null)
[   10.409364] systemd[1]: Mounting POSIX Message Queue File System...
[   10.419194] Loading iSCSI transport class v2.0-870.
         Mounting POSIX Message Queue File System...
[   10.423904] systemd[1]: Created slice system-serial\x2dgetty.slice.
[[0;32m  OK  [0m] Created slice system-serial\x2dgetty.slice.
[   10.432871] systemd[1]: Listening on Journal Socket (/dev/log).
[[0;32m  OK  [0[   10.436201] iscsi: registered transport (tcp)
m] Listening on Journal Socket (/dev/log).
[   10.454769] systemd[1]: Starting Nameserver information manager...
         [   10.456694] random: nonblocking pool is initialized
Starting Nameserver information manager...
[   10.459055] systemd[1]: Listening on Device-mapper event daemon FIFOs.
[[0;32m  OK  [0m] Listening on Device-mapper event daemon FIFOs.
[   10.462545] systemd[1]: Starting Set console keymap...
         Starting Set console keymap...
[   10.465680] systemd[1]: Starting Monitoring of LVM2 mirrors, snapshots etc. using dmeventd or progress polling...
         Starting Monitoring of LVM2 mirrors... dmeventd or progress polling...
[   10.473249] systemd[1]: Starting Journal Service...
         Starting Journal Service...
[   10.479194] systemd[1]: Starting Uncomplicated firewall...
         Starting Uncomplicated firewall...
[   10.491169] iscsi: registered transport (iser)
[   10.493352] systemd[1]: Starting Create list of required static device nodes for the current kernel...
         Starting Create list of required st... nodes for the current kernel...
[   10.499745] systemd[1]: Mounted Huge Pages File System.
[[0;32m  OK  [0m] Mounted Huge Pages File System.
[   10.514846] systemd[1]: Mounted Debug File System.
[[0;32m  OK  [0m] Mounted Debug File System.
[   10.521854] systemd[1]: Mounted POSIX Message Queue File System.
[[0;32m  OK  [0m] Mounted POSIX Message Queue File System.
[   10.525640] systemd[1]: Started Remount Root and Kernel File Systems.
[[0;32m  OK  [0m] Started Remount Root and Kernel File Systems.
[   10.531264] systemd[1]: Started Load Kernel Modules.
[[0;32m  OK  [0m] Started Load Kernel Modules.
[   10.552741] systemd[1]: Started Set console keymap.
[[0;32m  OK  [0m] Started Set console keymap.
[   10.556815] systemd[1]: Started Uncomplicated firewall.
[[0;32m  OK  [0m] Started Uncomplicated firewall.
[   10.560407] systemd[1]: Started Create list of required static device nodes for the current kernel.
[[0;32m  OK  [0m] Started Create list of required sta...ce nodes for the current kernel.
[   10.563801] systemd[1]: Started Nameserver information manager.
[[0;32m  OK  [0m] Started Nameserver information manager.
[   10.571677] systemd[1]: Started Journal Service.
[[0;32m  OK  [0m] Started Journal Service.
[[0;32m  OK  [0m] Started LVM2 metadata daemon.
         Starting Create Static Device Nodes in /dev...
         Starting Apply Kernel Variables...
         Mounting FUSE Control File System...
         Starting udev Coldplug all Devices...
         Starting Flush Journal to Persistent Storage...
         Starting Load/Save Random Seed...
[[0;32m  OK  [0m] Mounted FUSE Control File System.
[[0;32m  OK  [0m] Started Apply Kernel Variables.
[[0;32m  OK  [0m] Started Flush Journal to Persistent Storage.
[[0;32m  OK  [0m] Started Create Static Device Nodes in /dev.
         Starting udev Kernel Device Manager...
[[0;32m  OK  [0m] Started Load/Save Random Seed.
[[0;32m  OK  [0m] Started udev Kernel Device Manager.
[[0;32m  OK  [0m] Started udev Coldplug all Devices.
[[0;32m  OK  [0m] Started Dispatch Password Requests to Console Directory Watch.
[[0;32m  OK  [0m] Found device /dev/ttyS0.
[[0;32m  OK  [0m] Started Monitoring of LVM2 mirrors,...ng dmeventd or progress polling.
[[0;32m  OK  [0m] Reached target Local File Systems (Pre).
[[0;32m  OK  [0m] Reached target Local File Systems.
         Starting Create Volatile Files and Directories...
         Starting LSB: AppArmor initialization...
         Starting Tell Plymouth To Write Out Runtime Data...
         Starting Initial cloud-init job (pre-networking)...
         Starting Set console font and keymap...
[[0;32m  OK  [0m] Started Tell Plymouth To Write Out Runtime Data.
[[0;32m  OK  [0m] Started Create Volatile Files and Directories.
         Starting Update UTMP about System Boot/Shutdown...
[[0;32m  OK  [0m] Listening on Load/Save RF Kill Switch Status /dev/rfkill Watch.
[[0;32m  OK  [0m] Started Update UTMP about System Boot/Shutdown.
[[0;32m  OK  [0m] Found device 82540EM Gigabit Ethern...r (PRO/1000 MT Desktop Adapter).
[[0;32m  OK  [0m] Started LSB: AppArmor initialization.
         Starting Load AppArmor profiles managed internally by snapd...
[[0;32m  OK  [0m] Started Load AppArmor profiles managed internally by snapd.
[[0;32m  OK  [0m] Found device 82540EM Gigabit Ethern...r (PRO/1000 MT Desktop Adapter).
[   12.129538] cloud-init[531]: Cloud-init v. 20.4.1-0ubuntu1~16.04.1 running 'init-local' at Wed, 14 Apr 2021 12:39:03 +0000. Up 11.79 seconds.
[[0;32m  OK  [0m] Started Initial cloud-init job (pre-networking).
[[0;32m  OK  [0m] Reached target Network (Pre).
[[0;32m  OK  [0m] Started ifup for enp0s3.
[[0;32m  OK  [0m] Started ifup for enp0s8.
         Starting Raise network interfaces...
[[0;32m  OK  [0m] Started Set console font and keymap.
[[0;32m  OK  [0m] Created slice system-getty.slice.
[[0;32m  OK  [0m] Started Raise network interfaces.
[[0;32m  OK  [0m] Reached target Network.
         Starting Initial cloud-init job (metadata service crawler)...
[   12.970587] cloud-init[1080]: Cloud-init v. 20.4.1-0ubuntu1~16.04.1 running 'init' at Wed, 14 Apr 2021 12:39:04 +0000. Up 12.71 seconds.
[   12.972267] cloud-init[1080]: ci-info: ++++++++++++++++++++++++++++++++++++++Net device info+++++++++++++++++++++++++++++++++++++++
[   12.973915] cloud-init[1080]: ci-info: +--------+------+-----------------------------+---------------+--------+-------------------+
[   12.976680] cloud-init[1080]: ci-info: | Device |  Up  |           Address           |      Mask     | Scope  |     Hw-Address    |
[   12.979375] cloud-init[1080]: ci-info: +--------+------+-----------------------------+---------------+--------+-------------------+
[   12.981696] cloud-init[1080]: ci-info: | enp0s3 | True |          10.0.2.15          | 255.255.255.0 | global | 02:b5:11:9f:b1:da |
[   12.984222] cloud-init[1080]: ci-info: | enp0s3 | True |  fe80::b5:11ff:fe9f:b1da/64 |       .       |  link  | 02:b5:11:9f:b1:da |
[   12.992401] cloud-init[1080]: ci-info: | enp0s8 | True |        192.168.10.101       | 255.255.255.0 | global | 08:00:27:eb:24:dc |
[   12.995239] cloud-init[1080]: ci-info: | enp0s8 | True | fe80::a00:27ff:feeb:24dc/64 |       .       |  link  | 08:00:27:eb:24:dc |
[   12.997168] cloud-init[1080]: ci-info: |   lo   | True |          127.0.0.1          |   255.0.0.0   |  host  |         .         |
[   13.004579] cloud-init[1080]: ci-info: |   lo   | True |           ::1/128           |       .       |  host  |         .         |
[   13.006397] cloud-init[1080]: ci-info: +--------+------+-----------------------------+---------------+--------+-------------------+
[   13.008611] cloud-init[1080]: ci-info: ++++++++++++++++++++++++++++Route IPv4 info++++++++++++++++++++++++++++
[   13.011236] cloud-init[1080]: ci-info: +-------+--------------+----------+---------------+-----------+-------+
[   13.013335] cloud-init[1080]: ci-info: | Route | Destination  | Gateway  |    Genmask    | Interface | Flags |
[   13.020793] cloud-init[1080]: ci-info: +-------+--------------+----------+---------------+-----------+-------+
[   13.023315] cloud-init[1080]: ci-info: |   0   |   0.0.0.0    | 10.0.2.2 |    0.0.0.0    |   enp0s3  |   UG  |
[[0;32m  OK  [0m] Started Initial cloud-init job (metadata service crawler).
[[0;32m  OK  [0m] Reached target Network is Online.
[   13.033418] cloud-init[1080]: ci-info: |   1   |   10.0.2.0   | 0.0.0.0  | 255.255.255.0 |   enp0s3  |   U   |
[   13.035187] cloud-init[1080]: ci-info: |   2   | 192.168.10.0 | 0.0.0.0  | 255.255.255.0 |   enp0s8  |   U   |
[   13.036801] cloud-init[1080]: ci-info: +-------+--------------+----------+---------------+-----------+-------+
[   13.039182] cloud-init[1080]: ci-info: +++++++++++++++++++Route IPv6 info+++++++++++++++++++
[   13.040743] cloud-init[1080]: ci-info: +-------+-------------+---------+-----------+-------+
[   13.041839] cloud-init[1080]: ci-info: | Route | Destination | Gateway | Interface | Flags |
[   13.043380] cloud-init[1080]: ci-info: +-------+-------------+---------+-----------+-------+         Starting iSCSI initiator daemon (iscsid)...
[[0;32m  OK  [0m] Reached target System Initialization.

[   13.046300] cloud-init[1080]: ci-info: |   0   |  fe80::/64  |    ::   |   enp0s8  |   U   |
[   13.046377] cloud-init[1080]: ci-info: |   1   |  fe80::/64  |    ::   |   enp0s3  |   U   |
[   13.046677] cloud-init[1080]: ci-info: |   4   |   ff00::/8  |    ::   |   enp0s8  |   U   |
[   13.047247] cloud-init[1080]: ci-info: |   5   |   ff00::/8  |    ::   |   enp0s3  |   U   |
[[0;32m  OK  [0m] Listening on ACPID Listen Socket.
[   13.047883] cloud-init[1080]: ci-info: +-------+-------------+---------+-----------+-------+
         Starting LXD - unix socket.
[[0;32m  OK  [0m] Started ACPI Events Check.
[[0;32m  OK  [0m] Reached target Paths.
[[0;32m  OK  [0m] Started Daily apt download activities.
[[0;32m  OK  [0m] Started Daily apt upgrade and clean activities.
[[0;32m  OK  [0m] Listening on D-Bus System Message Bus Socket.
[[0;32m  OK  [0m] Started Message of the Day.
         Starting Socket activation for snappy daemon.
[[0;32m  OK  [0m] Listening on UUID daemon activation socket.
[[0;32m  OK  [0m] Started Daily Cleanup of Temporary Directories.
[[0;32m  OK  [0m] Reached target Timers.
[[0;32m  OK  [0m] Reached target Cloud-config availability.
[[0;32m  OK  [0m] Listening on LXD - unix socket.
[[0;32m  OK  [0m] Listening on Socket activation for snappy daemon.
[[0;32m  OK  [0m] Reached target Sockets.
[[0;32m  OK  [0m] Reached target Basic System.
         Starting Login Service...
         Starting A high performance web server and a reverse proxy server...
[[0;32m  OK  [0m] Started Deferred execution scheduler.
[[0;32m  OK  [0m] Started ACPI event daemon.
         Starting Virtualbox guest utils...
         Starting LXD - container startup/shutdown...
         Starting /etc/rc.local Compatibility...
         Starting System Logging Service...
[[0;32m  OK  [0m] Started Regular background program processing daemon.
[[0;32m  OK  [0m] Started FUSE filesystem for LXC.
         Starting LSB: MD monitoring daemon...
         Starting LSB: Record successful boot for GRUB...
         Starting OpenBSD Secure Shell server...
         Starting Accounts Service...
         Starting Snap Daemon...
[[0;32m  OK  [0m] Started High-performance, schema-free document-oriented database.
[[0;32m  OK  [0m] Started D-Bus System Message Bus.
[[0;32m  OK  [0m] Started System Logging Service.
[[0;32m  OK  [0m] Started iSCSI initiator daemon (iscsid).
[[0;32m  OK  [0m] Started /etc/rc.local Compatibility.
[[0;32m  OK  [0m] Started OpenBSD Secure Shell server.
[[0;32m  OK  [0m] Started Login Service.
[[0;32m  OK  [0m] Started Unattended Upgrades Shutdown.
         Starting Authenticate and Authorize Users to Run Privileged Tasks...
         Starting Login to default iSCSI targets...
[[0;32m  OK  [0m] Started LSB: Record successful boot for GRUB.
[[0;32m  OK  [0m] Started LSB: MD monitoring daemon.
[[0;32m  OK  [0m] Started Login to default iSCSI targets.
[[0;32m  OK  [0m] Reached target Remote File Systems (Pre).
[[0;32m  OK  [0m] Reached target Remote File Systems.
         Starting LSB: Set the CPU Frequency Scaling governor to "ondemand"...
         Starting LSB: automatic crash report generation...
         Starting LSB: daemon to balance interrupts for SMP systems...
         Starting Permit User Sessions...
[[0;32m  OK  [0m] Started A high performance web server and a reverse proxy server.
[[0;32m  OK  [0m] Started Authenticate and Authorize Users to Run Privileged Tasks.
[[0;32m  OK  [0m] Started Permit User Sessions.
         Starting Hold until boot process finishes up...
         Starting Terminate Plymouth Boot Screen...
[[0;32m  OK  [0m] Started LXD - container startup/shutdown.
[[0;32m  OK  [0m] Started Hold until boot process finishes up.
[[0;32m  OK  [0m] Started Getty on tty1.
[[0;32m  OK  [0m] Started Serial Getty on ttyS0.
[[0;32m  OK  [0m] Reached target Login Prompts.
         Starting Set console scheme...
[[0;32m  OK  [0m] Started Terminate Plymouth Boot Screen.
[[0;32m  OK  [0m] Started Set console scheme.
[[0;32m  OK  [0m] Started Accounts Service.
[[0;32m  OK  [0m] Started LSB: Set the CPU Frequency Scaling governor to "ondemand".
[[0;32m  OK  [0m] Started LSB: daemon to balance interrupts for SMP systems.
[[0;32m  OK  [0m] Started LSB: automatic crash report generation.
[[0;32m  OK  [0m] Started Virtualbox guest utils.
[[0;32m  OK  [0m] Started Snap Daemon.
         Starting Wait until snapd is fully seeded...
[[0;32m  OK  [0m] Started Wait until snapd is fully seeded.
         Starting Apply the settings specified in cloud-config...
[[0;32m  OK  [0m] Reached target Multi-User System.
[[0;32m  OK  [0m] Reached target Graphical Interface.
         Starting Update UTMP about System Runlevel Changes...
[[0;32m  OK  [0m] Started Update UTMP about System Runlevel Changes.
[   14.426785] cloud-init[1351]: Cloud-init v. 20.4.1-0ubuntu1~16.04.1 running 'modules:config' at Wed, 14 Apr 2021 12:39:05 +0000. Up 14.32 seconds.
[[0;32m  OK  [0m] Started Apply the settings specified in cloud-config.
         Starting Execute cloud user/final scripts...
[   14.871408] cloud-init[1384]: Cloud-init v. 20.4.1-0ubuntu1~16.04.1 running 'modules:final' at Wed, 14 Apr 2021 12:39:06 +0000. Up 14.76 seconds.
[   14.873223] cloud-init[1384]: Cloud-init v. 20.4.1-0ubuntu1~16.04.1 finished at Wed, 14 Apr 2021 12:39:06 +0000. Datasource DataSourceNoCloud [seed=/dev/sdb][dsmode=net].  Up 14.86 seconds
[[0;32m  OK  [0m] Started Execute cloud user/final scripts.
[[0;32m  OK  [0m] Reached target Cloud-init target.

Ubuntu 16.04.7 LTS ubuntu-xenial ttyS0

ubuntu-xenial login: 