[    0.000000] Initializing cgroup subsys cpuset
[    0.000000] Initializing cgroup subsys cpu
[    0.000000] Initializing cgroup subsys cpuacct
[    0.000000] Linux version 4.4.0-206-generic (buildd@lgw01-amd64-039) (gcc version 5.4.0 20160609 (Ubuntu 5.4.0-6ubuntu1~16.04.12) ) #238-Ubuntu SMP Tue Mar 16 07:52:37 UTC 2021 (Ubuntu 4.4.0-206.238-generic 4.4.254)
[    0.000000] Command line: BOOT_IMAGE=/boot/vmlinuz-4.4.0-206-generic root=LABEL=cloudimg-rootfs ro console=tty1 console=ttyS0
[    0.000000] KERNEL supported cpus:
[    0.000000]   Intel GenuineIntel
[    0.000000]   AMD AuthenticAMD
[    0.000000]   Centaur CentaurHauls
[    0.000000] x86/fpu: xstate_offset[2]:  576, xstate_sizes[2]:  256
[    0.000000] x86/fpu: Supporting XSAVE feature 0x01: 'x87 floating point registers'
[    0.000000] x86/fpu: Supporting XSAVE feature 0x02: 'SSE registers'
[    0.000000] x86/fpu: Supporting XSAVE feature 0x04: 'AVX registers'
[    0.000000] x86/fpu: Enabled xstate features 0x7, context size is 832 bytes, using 'standard' format.
[    0.000000] e820: BIOS-provided physical RAM map:
[    0.000000] BIOS-e820: [mem 0x0000000000000000-0x000000000009fbff] usable
[    0.000000] BIOS-e820: [mem 0x000000000009fc00-0x000000000009ffff] reserved
[    0.000000] BIOS-e820: [mem 0x00000000000f0000-0x00000000000fffff] reserved
[    0.000000] BIOS-e820: [mem 0x0000000000100000-0x000000003ffeffff] usable
[    0.000000] BIOS-e820: [mem 0x000000003fff0000-0x000000003fffffff] ACPI data
[    0.000000] BIOS-e820: [mem 0x00000000fec00000-0x00000000fec00fff] reserved
[    0.000000] BIOS-e820: [mem 0x00000000fee00000-0x00000000fee00fff] reserved
[    0.000000] BIOS-e820: [mem 0x00000000fffc0000-0x00000000ffffffff] reserved
[    0.000000] NX (Execute Disable) protection: active
[    0.000000] SMBIOS 2.5 present.
[    0.000000] Hypervisor detected: KVM
[    0.000000] e820: last_pfn = 0x3fff0 max_arch_pfn = 0x400000000
[    0.000000] MTRR: Disabled
[    0.000000] x86/PAT: MTRRs disabled, skipping PAT initialization too.
[    0.000000] CPU MTRRs all blank - virtualized system.
[    0.000000] x86/PAT: Configuration [0-7]: WB  WT  UC- UC  WB  WT  UC- UC  
[    0.000000] found SMP MP-table at [mem 0x0009fff0-0x0009ffff] mapped at [ffff88000009fff0]
[    0.000000] Scanning 1 areas for low memory corruption
[    0.000000] RAMDISK: [mem 0x362de000-0x37166fff]
[    0.000000] ACPI: Early table checksum verification disabled
[    0.000000] ACPI: RSDP 0x00000000000E0000 000024 (v02 VBOX  )
[    0.000000] ACPI: XSDT 0x000000003FFF0030 00003C (v01 VBOX   VBOXXSDT 00000001 ASL  00000061)
[    0.000000] ACPI: FACP 0x000000003FFF00F0 0000F4 (v04 VBOX   VBOXFACP 00000001 ASL  00000061)
[    0.000000] ACPI: DSDT 0x000000003FFF0470 002325 (v02 VBOX   VBOXBIOS 00000002 INTL 20100528)
[    0.000000] ACPI: FACS 0x000000003FFF0200 000040
[    0.000000] ACPI: FACS 0x000000003FFF0200 000040
[    0.000000] ACPI: APIC 0x000000003FFF0240 00005C (v02 VBOX   VBOXAPIC 00000001 ASL  00000061)
[    0.000000] ACPI: SSDT 0x000000003FFF02A0 0001CC (v01 VBOX   VBOXCPUT 00000002 INTL 20100528)
[    0.000000] No NUMA configuration found
[    0.000000] Faking a node at [mem 0x0000000000000000-0x000000003ffeffff]
[    0.000000] NODE_DATA(0) allocated [mem 0x3ffeb000-0x3ffeffff]
[    0.000000] kvm-clock: Using msrs 4b564d01 and 4b564d00
[    0.000000] kvm-clock: cpu 0, msr 0:3ffe3001, primary cpu clock
[    0.000000] kvm-clock: using sched offset of 3486679148 cycles
[    0.000000] clocksource: kvm-clock: mask: 0xffffffffffffffff max_cycles: 0x1cd42e4dffb, max_idle_ns: 881590591483 ns
[    0.000000] Zone ranges:
[    0.000000]   DMA      [mem 0x0000000000001000-0x0000000000ffffff]
[    0.000000]   DMA32    [mem 0x0000000001000000-0x000000003ffeffff]
[    0.000000]   Normal   empty
[    0.000000]   Device   empty
[    0.000000] Movable zone start for each node
[    0.000000] Early memory node ranges
[    0.000000]   node   0: [mem 0x0000000000001000-0x000000000009efff]
[    0.000000]   node   0: [mem 0x0000000000100000-0x000000003ffeffff]
[    0.000000] Initmem setup node 0 [mem 0x0000000000001000-0x000000003ffeffff]
[    0.000000] ACPI: PM-Timer IO Port: 0x4008
[    0.000000] IOAPIC[0]: apic_id 2, version 32, address 0xfec00000, GSI 0-23
[    0.000000] ACPI: INT_SRC_OVR (bus 0 bus_irq 0 global_irq 2 dfl dfl)
[    0.000000] ACPI: INT_SRC_OVR (bus 0 bus_irq 9 global_irq 9 low level)
[    0.000000] Using ACPI (MADT) for SMP configuration information
[    0.000000] smpboot: Allowing 2 CPUs, 0 hotplug CPUs
[    0.000000] PM: Registered nosave memory: [mem 0x00000000-0x00000fff]
[    0.000000] PM: Registered nosave memory: [mem 0x0009f000-0x0009ffff]
[    0.000000] PM: Registered nosave memory: [mem 0x000a0000-0x000effff]
[    0.000000] PM: Registered nosave memory: [mem 0x000f0000-0x000fffff]
[    0.000000] e820: [mem 0x40000000-0xfebfffff] available for PCI devices
[    0.000000] Booting paravirtualized kernel on KVM
[    0.000000] clocksource: refined-jiffies: mask: 0xffffffff max_cycles: 0xffffffff, max_idle_ns: 7645519600211568 ns
[    0.000000] setup_percpu: NR_CPUS:512 nr_cpumask_bits:512 nr_cpu_ids:2 nr_node_ids:1
[    0.000000] PERCPU: Embedded 33 pages/cpu @ffff88003fc00000 s95640 r8192 d31336 u1048576
[    0.000000] Built 1 zonelists in Node order, mobility grouping on.  Total pages: 257912
[    0.000000] Policy zone: DMA32
[    0.000000] Kernel command line: BOOT_IMAGE=/boot/vmlinuz-4.4.0-206-generic root=LABEL=cloudimg-rootfs ro console=tty1 console=ttyS0
[    0.000000] PID hash table entries: 4096 (order: 3, 32768 bytes)
[    0.000000] Memory: 997656K/1048120K available (8641K kernel code, 1337K rwdata, 4044K rodata, 1496K init, 1296K bss, 50464K reserved, 0K cma-reserved)
[    0.000000] SLUB: HWalign=64, Order=0-3, MinObjects=0, CPUs=2, Nodes=1
[    0.000000] Kernel/User page tables isolation: enabled
[    0.000000] Hierarchical RCU implementation.
[    0.000000] 	Build-time adjustment of leaf fanout to 64.
[    0.000000] 	RCU restricting CPUs from NR_CPUS=512 to nr_cpu_ids=2.
[    0.000000] RCU: Adjusting geometry for rcu_fanout_leaf=64, nr_cpu_ids=2
[    0.000000] NR_IRQS:33024 nr_irqs:440 16
[    0.000000] Console: colour VGA+ 80x25
[    0.000000] console [tty1] enabled
[    0.000000] console [ttyS0] enabled
[    0.000000] tsc: Detected 2904.002 MHz processor
[    0.165665] Calibrating delay loop (skipped) preset value.. 5808.00 BogoMIPS (lpj=11616008)
[    0.167629] pid_max: default: 32768 minimum: 301
[    0.168736] ACPI: Core revision 20150930
[    0.171110] ACPI: 2 ACPI AML tables successfully acquired and loaded
[    0.172781] Security Framework initialized
[    0.173705] Yama: becoming mindful.
[    0.174474] AppArmor: AppArmor initialized
[    0.175400] Dentry cache hash table entries: 131072 (order: 8, 1048576 bytes)
[    0.179638] Inode-cache hash table entries: 65536 (order: 7, 524288 bytes)
[    0.180847] Mount-cache hash table entries: 2048 (order: 2, 16384 bytes)
[    0.181947] Mountpoint-cache hash table entries: 2048 (order: 2, 16384 bytes)
[    0.183217] Initializing cgroup subsys io
[    0.184124] Initializing cgroup subsys memory
[    0.185319] Initializing cgroup subsys devices
[    0.186296] Initializing cgroup subsys freezer
[    0.187238] Initializing cgroup subsys net_cls
[    0.188118] Initializing cgroup subsys perf_event
[    0.188941] Initializing cgroup subsys net_prio
[    0.189715] Initializing cgroup subsys hugetlb
[    0.190469] Initializing cgroup subsys pids
[    0.205714] mce: CPU supports 0 MCE banks
[    0.207219] Last level iTLB entries: 4KB 64, 2MB 8, 4MB 8
[    0.208450] Last level dTLB entries: 4KB 64, 2MB 0, 4MB 0, 1GB 4
[    0.209728] Spectre V1 : Mitigation: usercopy/swapgs barriers and __user pointer sanitization
[    0.211633] Spectre V2 : Mitigation: Full generic retpoline
[    0.212694] Spectre V2 : Spectre v2 / SpectreRSB mitigation: Filling RSB on context switch
[    0.214524] Speculative Store Bypass: Vulnerable
[    0.215350] SRBDS: Unknown: Dependent on hypervisor status
[    0.216358] MDS: Mitigation: Clear CPU buffers
[    0.221151] Freeing SMP alternatives memory: 36K
[    0.228359] ftrace: allocating 32370 entries in 127 pages
[    0.298713] smpboot: APIC(0) Converting physical 0 to logical package 0
[    0.300128] smpboot: Max logical packages: 1
[    0.303639] x2apic enabled
[    0.304804] Switched APIC routing to physical x2apic.
[    0.307128] ..TIMER: vector=0x30 apic1=0 pin1=2 apic2=-1 pin2=-1
[    0.416466] smpboot: CPU0: Intel(R) Core(TM) i7-7500U CPU @ 2.70GHz (family: 0x6, model: 0x8e, stepping: 0x9)
[    0.419639] Performance Events: unsupported p6 CPU model 142 no PMU driver, software events only.
[    0.434070] KVM setup paravirtual spinlock
[    0.437752] x86: Booting SMP configuration:
[    0.438717] .... node  #0, CPUs:      #1
[    0.439806] kvm-clock: cpu 1, msr 0:3ffe3041, secondary cpu clock
[    0.455215] mce: CPU supports 0 MCE banks
[    0.458919] x86: Booted up 1 node, 2 CPUs
[    0.459956] smpboot: Total of 2 processors activated (11616.00 BogoMIPS)
[    0.461591] devtmpfs: initialized
[    0.464339] evm: security.selinux
[    0.465028] evm: security.SMACK64
[    0.465656] evm: security.SMACK64EXEC
[    0.466350] evm: security.SMACK64TRANSMUTE
[    0.467741] evm: security.SMACK64MMAP
[    0.468895] evm: security.ima
[    0.470137] evm: security.capability
[    0.471702] clocksource: jiffies: mask: 0xffffffff max_cycles: 0xffffffff, max_idle_ns: 7645041785100000 ns
[    0.474526] futex hash table entries: 512 (order: 3, 32768 bytes)
[    0.476236] pinctrl core: initialized pinctrl subsystem
[    0.477325] RTC time: 10:59:28, date: 04/15/21
[    0.478355] NET: Registered protocol family 16
[    0.490512] cpuidle: using governor ladder
[    0.501323] cpuidle: using governor menu
[    0.503113] PCCT header not found.
[    0.504402] ACPI: bus type PCI registered
[    0.506552] acpiphp: ACPI Hot Plug PCI Controller Driver version: 0.5
[    0.509037] PCI: Using configuration type 1 for base access
[    0.521600] ACPI: Added _OSI(Module Device)
[    0.522703] ACPI: Added _OSI(Processor Device)
[    0.523690] ACPI: Added _OSI(3.0 _SCP Extensions)
[    0.525047] ACPI: Added _OSI(Processor Aggregator Device)
[    0.527511] ACPI: Executed 1 blocks of module-level executable AML code
[    0.530806] ACPI: Interpreter enabled
[    0.531699] ACPI: (supports S0 S5)
[    0.532969] ACPI: Using IOAPIC for interrupt routing
[    0.534976] PCI: Using host bridge windows from ACPI; if necessary, use "pci=nocrs" and report a bug
[    0.543899] ACPI: PCI Root Bridge [PCI0] (domain 0000 [bus 00-ff])
[    0.544979] acpi PNP0A03:00: _OSC: OS supports [ASPM ClockPM Segments MSI]
[    0.546716] acpi PNP0A03:00: _OSC: not requesting OS control; OS requires [ExtendedConfig ASPM ClockPM MSI]
[    0.548958] acpi PNP0A03:00: fail to add MMCONFIG information, can't access extended PCI configuration space under this bridge.
[    0.551829] PCI host bridge to bus 0000:00
[    0.553061] pci_bus 0000:00: root bus resource [io  0x0000-0x0cf7 window]
[    0.554191] pci_bus 0000:00: root bus resource [io  0x0d00-0xffff window]
[    0.555252] pci_bus 0000:00: root bus resource [mem 0x000a0000-0x000bffff window]
[    0.556632] pci_bus 0000:00: root bus resource [mem 0x40000000-0xfdffffff window]
[    0.557997] pci_bus 0000:00: root bus resource [bus 00-ff]
[    0.560537] pci 0000:00:01.1: legacy IDE quirk: reg 0x10: [io  0x01f0-0x01f7]
[    0.561661] pci 0000:00:01.1: legacy IDE quirk: reg 0x14: [io  0x03f6]
[    0.563074] pci 0000:00:01.1: legacy IDE quirk: reg 0x18: [io  0x0170-0x0177]
[    0.576646] pci 0000:00:01.1: legacy IDE quirk: reg 0x1c: [io  0x0376]
[    0.596237] pci 0000:00:07.0: quirk: [io  0x4000-0x403f] claimed by PIIX4 ACPI
[    0.597816] pci 0000:00:07.0: quirk: [io  0x4100-0x410f] claimed by PIIX4 SMB
[    0.613328] ACPI: PCI Interrupt Link [LNKA] (IRQs 5 9 10 *11)
[    0.615163] ACPI: PCI Interrupt Link [LNKB] (IRQs 5 9 *10 11)
[    0.616751] ACPI: PCI Interrupt Link [LNKC] (IRQs 5 *9 10 11)
[    0.619507] ACPI: PCI Interrupt Link [LNKD] (IRQs 5 9 10 *11)
[    0.621382] ACPI: Enabled 2 GPEs in block 00 to 07
[    0.622768] vgaarb: setting as boot device: PCI:0000:00:02.0
[    0.624074] vgaarb: device added: PCI:0000:00:02.0,decodes=io+mem,owns=io+mem,locks=none
[    0.625559] vgaarb: loaded
[    0.626188] vgaarb: bridge control possible 0000:00:02.0
[    0.627506] SCSI subsystem initialized
[    0.628578] ACPI: bus type USB registered
[    0.629550] usbcore: registered new interface driver usbfs
[    0.630785] usbcore: registered new interface driver hub
[    0.631928] usbcore: registered new device driver usb
[    0.633315] PCI: Using ACPI for IRQ routing
[    0.638868] NetLabel: Initializing
[    0.639672] NetLabel:  domain hash size = 128
[    0.640439] NetLabel:  protocols = UNLABELED CIPSOv4
[    0.641438] NetLabel:  unlabeled traffic allowed by default
[    0.642849] amd_nb: Cannot enumerate AMD northbridges
[    0.644018] clocksource: Switched to clocksource kvm-clock
[    0.655655] AppArmor: AppArmor Filesystem Enabled
[    0.656631] pnp: PnP ACPI init
[    0.657925] pnp: PnP ACPI: found 3 devices
[    0.667775] clocksource: acpi_pm: mask: 0xffffff max_cycles: 0xffffff, max_idle_ns: 2085701024 ns
[    0.670914] NET: Registered protocol family 2
[    0.672641] TCP established hash table entries: 8192 (order: 4, 65536 bytes)
[    0.674142] TCP bind hash table entries: 8192 (order: 5, 131072 bytes)
[    0.675311] TCP: Hash tables configured (established 8192 bind 8192)
[    0.676505] UDP hash table entries: 512 (order: 2, 16384 bytes)
[    0.677654] UDP-Lite hash table entries: 512 (order: 2, 16384 bytes)
[    0.679069] NET: Registered protocol family 1
[    0.679962] pci 0000:00:00.0: Limiting direct PCI/PCI transfers
[    0.680969] pci 0000:00:01.0: Activating ISA DMA hang workarounds
[    0.682094] Unpacking initramfs...
[    0.972273] Freeing initrd memory: 14884K
[    0.973432] clocksource: tsc: mask: 0xffffffffffffffff max_cycles: 0x29dc079b5d9, max_idle_ns: 440795223751 ns
[    0.975413] platform rtc_cmos: registered platform RTC device (no PNP device found)
[    0.976903] Scanning for low memory corruption every 60 seconds
[    0.978378] audit: initializing netlink subsys (disabled)
[    0.979580] audit: type=2000 audit(1618484373.806:1): initialized
[    0.981219] Initialise system trusted keyring
[    0.982563] HugeTLB registered 2 MB page size, pre-allocated 0 pages
[    0.985451] zbud: loaded
[    0.987320] VFS: Disk quotas dquot_6.6.0
[    0.988176] VFS: Dquot-cache hash table entries: 512 (order 0, 4096 bytes)
[    0.989571] squashfs: version 4.0 (2009/01/31) Phillip Lougher
[    0.990869] fuse init (API version 7.23)
[    0.991710] Key type big_key registered
[    0.992715] Allocating IMA MOK and blacklist keyrings.
[    0.997173] Key type asymmetric registered
[    0.998221] Asymmetric key parser 'x509' registered
[    0.999435] Block layer SCSI generic (bsg) driver version 0.4 loaded (major 249)
[    1.001519] io scheduler noop registered
[    1.003135] io scheduler deadline registered (default)
[    1.005019] io scheduler cfq registered
[    1.006294] pci_hotplug: PCI Hot Plug PCI Core version: 0.5
[    1.007934] pciehp: PCI Express Hot Plug Controller Driver version: 0.4
[    1.009218] ACPI: AC Adapter [AC] (on-line)
[    1.010064] input: Power Button as /devices/LNXSYSTM:00/LNXPWRBN:00/input/input0
[    1.011986] ACPI: Power Button [PWRF]
[    1.013249] input: Sleep Button as /devices/LNXSYSTM:00/LNXSLPBN:00/input/input1
[    1.014611] ACPI: Sleep Button [SLPF]
[    1.015565] GHES: HEST is not enabled!
[    1.016499] Serial: 8250/16550 driver, 32 ports, IRQ sharing enabled
[    1.016936] ACPI: Battery Slot [BAT0] (battery present)
[    1.041412] 00:02: ttyS0 at I/O 0x3f8 (irq = 4, base_baud = 115200) is a 16550A
[    1.044909] Linux agpgart interface v0.103
[    1.047639] loop: module loaded
[    1.049195] scsi host0: ata_piix
[    1.050836] scsi host1: ata_piix
[    1.053167] ata1: PATA max UDMA/33 cmd 0x1f0 ctl 0x3f6 bmdma 0xd000 irq 14
[    1.055286] ata2: PATA max UDMA/33 cmd 0x170 ctl 0x376 bmdma 0xd008 irq 15
[    1.057352] libphy: Fixed MDIO Bus: probed
[    1.058412] tun: Universal TUN/TAP device driver, 1.6
[    1.059865] tun: (C) 1999-2004 Max Krasnyansky <maxk@qualcomm.com>
[    1.061906] PPP generic driver version 2.4.2
[    1.063371] ehci_hcd: USB 2.0 'Enhanced' Host Controller (EHCI) Driver
[    1.065317] ehci-pci: EHCI PCI platform driver
[    1.066644] ehci-platform: EHCI generic platform driver
[    1.070052] ohci_hcd: USB 1.1 'Open' Host Controller (OHCI) Driver
[    1.073125] ohci-pci: OHCI PCI platform driver
[    1.074370] ohci-platform: OHCI generic platform driver
[    1.075655] uhci_hcd: USB Universal Host Controller Interface driver
[    1.078029] i8042: PNP: PS/2 Controller [PNP0303:PS2K,PNP0f03:PS2M] at 0x60,0x64 irq 1,12
[    1.080427] serio: i8042 KBD port at 0x60,0x64 irq 1
[    1.081268] serio: i8042 AUX port at 0x60,0x64 irq 12
[    1.082550] mousedev: PS/2 mouse device common for all mice
[    1.085996] rtc_cmos rtc_cmos: rtc core: registered rtc_cmos as rtc0
[    1.087349] rtc_cmos rtc_cmos: alarms up to one day, 114 bytes nvram
[    1.088603] input: AT Translated Set 2 keyboard as /devices/platform/i8042/serio0/input/input2
[    1.090307] i2c /dev entries driver
[    1.091340] device-mapper: uevent: version 1.0.3
[    1.092959] device-mapper: ioctl: 4.34.0-ioctl (2015-10-28) initialised: dm-devel@redhat.com
[    1.095524] ledtrig-cpu: registered to indicate activity on CPUs
[    1.097549] NET: Registered protocol family 10
[    1.098893] NET: Registered protocol family 17
[    1.099990] Key type dns_resolver registered
[    1.101796] registered taskstats version 1
[    1.104042] Loading compiled-in X.509 certificates
[    1.105971] Loaded X.509 cert 'Build time autogenerated kernel key: 516e255599dc793c39c72783e7b5301ff98d6a80'
[    1.108989] zswap: loaded using pool lzo/zbud
[    1.111833] Key type trusted registered
[    1.116794] Key type encrypted registered
[    1.118376] AppArmor: AppArmor sha1 policy hashing enabled
[    1.119888] ima: No TPM chip found, activating TPM-bypass!
[    1.121230] ima: Allocated hash algorithm: sha1
[    1.122113] evm: HMAC attrs: 0x1
[    1.123459]   Magic number: 1:616:982
[    1.124921] rtc_cmos rtc_cmos: setting system clock to 2021-04-15 10:59:29 UTC (1618484369)
[    1.126968] BIOS EDD facility v0.16 2004-Jun-25, 0 devices found
[    1.128211] EDD information not available.
[    1.244313] Freeing unused kernel memory: 1496K
[    1.246331] Write protecting the kernel read-only data: 14336k
[    1.248114] Freeing unused kernel memory: 1588K
[    1.249281] Freeing unused kernel memory: 52K
Loading, please wait...
starting version 229
[    1.263718] random: systemd-udevd: uninitialized urandom read (16 bytes read, 3 bits of entropy available)
[    1.264594] random: udevadm: uninitialized urandom read (16 bytes read, 3 bits of entropy available)
[    1.264624] random: udevadm: uninitialized urandom read (16 bytes read, 3 bits of entropy available)
[    1.270161] random: systemd-udevd: uninitialized urandom read (16 bytes read, 3 bits of entropy available)
[    1.273206] random: systemd-udevd: uninitialized urandom read (16 bytes read, 3 bits of entropy available)
[    1.275432] random: systemd-udevd: uninitialized urandom read (16 bytes read, 3 bits of entropy available)
[    1.276132] random: udevadm: uninitialized urandom read (16 bytes read, 3 bits of entropy available)
[    1.276258] random: udevadm: uninitialized urandom read (16 bytes read, 3 bits of entropy available)
[    1.276449] random: udevadm: uninitialized urandom read (16 bytes read, 3 bits of entropy available)
[    1.276520] random: udevadm: uninitialized urandom read (16 bytes read, 3 bits of entropy available)
[    1.344539] e1000: Intel(R) PRO/1000 Network Driver - version 7.3.21-k8-NAPI
[    1.346368] e1000: Copyright (c) 1999-2006 Intel Corporation.
[    1.348442] Fusion MPT base driver 3.04.20
[    1.349686] Copyright (c) 1999-2008 LSI Corporation
[    1.397230] AVX2 version of gcm_enc/dec engaged.
[    1.398584] AES CTR mode by8 optimization enabled
[    1.414223] Fusion MPT SPI Host driver 3.04.20
[    1.583132] input: ImExPS/2 Generic Explorer Mouse as /devices/platform/i8042/serio1/input/input4
[    1.786393] e1000 0000:00:03.0 eth0: (PCI:33MHz:32-bit) 02:b5:11:9f:b1:da
[    1.791265] e1000 0000:00:03.0 eth0: Intel(R) PRO/1000 Network Connection
[    2.467488] e1000 0000:00:08.0 eth1: (PCI:33MHz:32-bit) 08:00:27:69:1a:c2
[    2.469884] e1000 0000:00:08.0 eth1: Intel(R) PRO/1000 Network Connection
[    2.473252] e1000 0000:00:03.0 enp0s3: renamed from eth0
[    2.474694] mptbase: ioc0: Initiating bringup
[    2.485674] e1000 0000:00:08.0 enp0s8: renamed from eth1
[    2.976797] ioc0: LSI53C1030 A0: Capabilities={Initiator}
[    4.488759] scsi host2: ioc0: LSI53C1030 A0, FwRev=00000000h, Ports=1, MaxQ=256, IRQ=20
[    6.032551] scsi 2:0:0:0: Direct-Access     VBOX     HARDDISK         1.0  PQ: 0 ANSI: 5
[    6.036018] scsi target2:0:0: Beginning Domain Validation
[    6.039037] scsi target2:0:0: Domain Validation skipping write tests
[    6.045514] scsi target2:0:0: Ending Domain Validation
[    6.046602] scsi target2:0:0: asynchronous
[    6.050803] scsi 2:0:1:0: Direct-Access     VBOX     HARDDISK         1.0  PQ: 0 ANSI: 5
[    6.062713] scsi target2:0:1: Beginning Domain Validation
[    6.065645] scsi target2:0:1: Domain Validation skipping write tests
[    6.067654] scsi target2:0:1: Ending Domain Validation
[    6.069313] scsi target2:0:1: asynchronous
[    6.078912] sd 2:0:0:0: [sda] 83886080 512-byte logical blocks: (42.9 GB/40.0 GiB)
[    6.080892] sd 2:0:0:0: Attached scsi generic sg0 type 0
[    6.083194] sd 2:0:1:0: [sdb] 20480 512-byte logical blocks: (10.5 MB/10.0 MiB)
[    6.088424] sd 2:0:0:0: [sda] Write Protect is off
[    6.090228] sd 2:0:1:0: Attached scsi generic sg1 type 0
[    6.094134] sd 2:0:0:0: [sda] Incomplete mode parameter data
[    6.094315] sd 2:0:1:0: [sdb] Write Protect is off
[    6.094411] sd 2:0:1:0: [sdb] Incomplete mode parameter data
[    6.094414] sd 2:0:1:0: [sdb] Assuming drive cache: write through
[    6.098289] sd 2:0:1:0: [sdb] Attached SCSI disk
[    6.099513] sd 2:0:0:0: [sda] Assuming drive cache: write through
[    6.104729]  sda: sda1
[    6.106872] sd 2:0:0:0: [sda] Attached SCSI disk
Begin: Loading essential drivers ... [    7.469348] md: linear personality registered for level -1
[    7.475522] md: multipath personality registered for level -4
[    7.479563] md: raid0 personality registered for level 0
[    7.486602] md: raid1 personality registered for level 1
[    7.560276] raid6: sse2x1   gen()  9025 MB/s
[    7.628230] raid6: sse2x1   xor()  7039 MB/s
[    7.696550] raid6: sse2x2   gen()  9918 MB/s
[    7.764178] raid6: sse2x2   xor()  7306 MB/s
[    7.833312] raid6: sse2x4   gen() 13846 MB/s
[    7.900358] raid6: sse2x4   xor()  8652 MB/s
[    7.968245] raid6: avx2x1   gen() 16896 MB/s
[    8.036918] raid6: avx2x2   gen() 21774 MB/s
[    8.104280] raid6: avx2x4   gen() 24691 MB/s
[    8.105157] raid6: using algorithm avx2x4 gen() 24691 MB/s
[    8.106478] raid6: using avx2x2 recovery algorithm
[    8.108446] xor: automatically using best checksumming function:
[    8.148154]    avx       : 25230.000 MB/sec
[    8.151496] async_tx: api initialized (async)
[    8.161159] md: raid6 personality registered for level 6
[    8.162178] md: raid5 personality registered for level 5
[    8.163388] md: raid4 personality registered for level 4
[    8.172888] md: raid10 personality registered for level 10
done.
Begin: Running /scripts/init-premount ... done.
Begin: Mounting root file system ... Begin: Running /scripts/local-top ... done.
Begin: Running /scripts/local-premount ... [    8.208939] Btrfs loaded
Scanning for Btrfs filesystems
done.
Warning: fsck not present, so skipping root file system
[    8.244022] EXT4-fs (sda1): mounted filesystem with ordered data mode. Opts: (null)
done.
Begin: Running /scripts/local-bottom ... done.
Begin: Running /scripts/init-bottom ... done.
[    8.344052] systemd[1]: systemd 229 running in system mode. (+PAM +AUDIT +SELINUX +IMA +APPARMOR +SMACK +SYSVINIT +UTMP +LIBCRYPTSETUP +GCRYPT +GNUTLS +ACL +XZ -LZ4 +SECCOMP +BLKID +ELFUTILS +KMOD -IDN)
[    8.347069] systemd[1]: Detected virtualization oracle.
[    8.348041] systemd[1]: Detected architecture x86-64.

Welcome to [1mUbuntu 16.04.7 LTS[0m!

[    8.352110] systemd[1]: Set hostname to <ubuntu>.
[    8.355685] systemd[1]: Initializing machine ID from random generator.
[    8.356949] systemd[1]: Installed transient /etc/machine-id file.
[    9.139891] systemd[1]: Started Trigger resolvconf update for networkd DNS.
[[0;32m  OK  [0m] Started Trigger resolvconf update for networkd DNS.
[    9.143554] systemd[1]: Listening on Device-mapper event daemon FIFOs.
[[0;32m  OK  [0m] Listening on Device-mapper event daemon FIFOs.
[    9.146712] systemd[1]: Reached target User and Group Name Lookups.
[[0;32m  OK  [0m] Reached target User and Group Name Lookups.
[    9.151281] systemd[1]: Started Forward Password Requests to Wall Directory Watch.
[[0;32m  OK  [0m] Started Forward Password Requests to Wall Directory Watch.
[    9.155622] systemd[1]: Listening on Journal Socket (/dev/log).
[[0;32m  OK  [0m] Listening on Journal Socket (/dev/log).
[    9.158922] systemd[1]: Listening on /dev/initctl Compatibility Named Pipe.
[[0;32m  OK  [0m] Listening on /dev/initctl Compatibility Named Pipe.
[    9.162232] systemd[1]: Listening on udev Kernel Socket.
[[0;32m  OK  [0m] Listening on udev Kernel Socket.
[    9.164948] systemd[1]: Reached target Swap.
[[0;32m  OK  [0m] Reached target Swap.
[    9.170292] systemd[1]: Listening on udev Control Socket.
[[0;32m  OK  [0m] Listening on udev Control Socket.
[    9.173548] systemd[1]: Listening on fsck to fsckd communication Socket.
[[0;32m  OK  [0m] Listening on fsck to fsckd communication Socket.
[    9.177963] systemd[1]: Listening on LVM2 metadata daemon socket.
[[0;32m  OK  [0m] Listening on LVM2 metadata daemon socket.
[    9.181027] systemd[1]: Reached target Encrypted Volumes.
[[0;32m  OK  [0m] Reached target Encrypted Volumes.
[    9.187749] systemd[1]: Listening on Journal Socket.
[[0;32m  OK  [0m] Listening on Journal Socket.
[    9.191268] systemd[1]: Listening on LVM2 poll daemon socket.
[[0;32m  OK  [0m] Listening on LVM2 poll daemon socket.
[    9.196336] systemd[1]: Listening on Journal Audit Socket.
[[0;32m  OK  [0m] Listening on Journal Audit Socket.
[    9.210395] systemd[1]: Reached target System Time Synchronized.
[[0;32m  OK  [0m] Reached target System Time Synchronized.
[    9.220821] systemd[1]: Set up automount Arbitrary Executable File Formats File System Automount Point.
[[0;32m  OK  [0m] Set up automount Arbitrary Executab...ats File System Automount Point.
[    9.231073] systemd[1]: Listening on Syslog Socket.
[[0;32m  OK  [0m] Listening on Syslog Socket.
[    9.236636] systemd[1]: Created slice User and Session Slice.
[[0;32m  OK  [0m] Created slice User and Session Slice.
[    9.240156] systemd[1]: Created slice System Slice.
[[0;32m  OK  [0m] Created slice System Slice.
[    9.253112] systemd[1]: Starting Set console keymap...
         Starting Set console keymap...
[    9.257591] systemd[1]: Starting Uncomplicated firewall...
         Starting Uncomplicated firewall...
[    9.261166] systemd[1]: Starting File System Check on Root Device...
         Starting File System Check on Root Device...
[    9.265305] systemd[1]: Starting Nameserver information manager...
         Starting Nameserver information manager...
[    9.271925] systemd[1]: Mounting POSIX Message Queue File System...
         Mounting POSIX Message [    9.274695] systemd[1]: Starting Monitoring of LVM2 mirrors, snapshots etc. using dmeventd or progress polling...
Queue File System...
[    9.280956] systemd[1]: Created slice system-serial\x2dgetty.slice.
         Starting Monitoring of LVM2 mirrors... [    9.286547] systemd[1]: Mounting Debug File System...
dmeventd or progress polling...
[[0;32m  OK  [0m] Created slice system-serial[    9.289583] systemd[1]: Reached target Slices.
\x2dgetty.slice.
         Mounting Debug File System...
[[0;32m  OK  [0m] Reached target Slices.
[    9.320883] systemd[1]: Starting Journal Service...
         Starting Journal Service...
[    9.328765] systemd[1]: Mounting Huge Pages File System...
         Mounting Huge Pages File System...
[    9.368585] systemd[1]: Starting Load Kernel Modules...
         Starting Load Kernel Modules...
[    9.372755] systemd[1]: Starting Create list of required static device nodes for the current kernel...
         Starting Create list of required st... nodes for the current kernel...
[    9.397419] systemd[1]: Mounted Huge Pages File System.
[[0;32m  OK  [0m] Mounted Huge Pages File System.
[    9.412497] systemd[1]: Mounted Debug File System.
[[0;32m  OK  [0m] Mounted Debug File System.
[    9.415401] systemd[1]: Mounted POSIX Message Queue File System.
[    9.420947] Loading iSCSI transport class v2.0-870.
[[0;32m  OK  [0m] Mounted POSIX Message Queue File System.
[    9.424682] systemd[1]: Started Set console keymap.
[[0;32m  OK  [0m] Started Set console keymap.
[    9.428664] systemd[1]: Started Uncomplicated firewall.
[[0;32m  OK  [0m] Started Uncomplicated firewall.
[    9.438488] systemd[1]: Started File System Check on Root Device.
[[0;32m  OK  [0m] Started File System Check on Root Device.
[    9.451114] iscsi: registered transport (tcp)
[    9.454772] systemd[1]: Started Create list of required static device nodes for the current kernel.
[[0;32m  OK  [0m] Started Create list of required sta...ce nodes for the current kernel.
[    9.460408] systemd[1]: Started Nameserver information manager.
[[0;32m  OK  [0m] Started Nameserver information manager.
[    9.468916] systemd[1]: Started Journal Service.
[[0;32m  OK  [0m] Started Journal Service.
[[    9.474310] random: nonblocking pool is initialized
[0;32m  OK  [0m] Started File System Check Daemon to report status.
[[0;32m  OK  [0m] Started LVM2 metadata daemon.
         Starting Create Static Device Nodes in /dev...
         Starting Remount Root and Kernel File Systems...
[    9.532496] EXT4-fs (sda1): re-mounted. Opts: (null)
[[0;32m  OK  [0m] Started Remount Root and Kernel File Systems.
         Starting Flush Journal to Persistent Storage...
         Starting Load/Save Random Seed...
         Starting udev Coldplug all Devices...
[[0;32m  OK  [0m] Started Create Static Device Nodes in /dev.
         Starting udev Kernel Device Manager...
[[0;32m  OK  [0m] Started Load/Save Random Seed.
[    9.605732] systemd-journald[382]: Received request to flush runtime journal from PID 1
[[0;32m  OK  [0m] Started Flush Journal to Persistent Storage.
[    9.634831] iscsi: registered transport (iser)
[[0;32m  OK  [0m] Started Load Kernel Modules.
         Starting Apply Kernel Variables...
         Mounting FUSE Control File System...
[[0;32m  OK  [0m] Mounted FUSE Control File System.
[[0;32m  OK  [0m] Started udev Kernel Device Manager.
[[0;32m  OK  [0m] Started Apply Kernel Variables.
[[0;32m  OK  [0m] Started udev Coldplug all Devices.
[[0;32m  OK  [0m] Started Dispatch Password Requests to Console Directory Watch.
[[0;32m  OK  [0m] Started Monitoring of LVM2 mirrors,...ng dmeventd or progress polling.
[[0;32m  OK  [0m] Reached target Local File Systems (Pre).
[[0;32m  OK  [0m] Reached target Local File Systems.
         Starting Create Volatile Files and Directories...
         Starting Set console font and keymap...
         Starting Initial cloud-init job (pre-networking)...
         Starting Tell Plymouth To Write Out Runtime Data...
         Starting Commit a transient machine-id on disk...
         Starting LSB: AppArmor initialization...
[[0;32m  OK  [0m] Started Create Volatile Files and Directories.
         Starting Update UTMP about System Boot/Shutdown...
[[0;32m  OK  [0m] Started Tell Plymouth To Write Out Runtime Data.
[[0;32m  OK  [0m] Started Commit a transient machine-id on disk.
[[0;32m  OK  [0m] Started Update UTMP about System Boot/Shutdown.
[[0;32m  OK  [0m] Found device /dev/ttyS0.
[[0;32m  OK  [0m] Listening on Load/Save RF Kill Switch Status /dev/rfkill Watch.
[[0;32m  OK  [0m] Started LSB: AppArmor initialization.
         Starting Load AppArmor profiles managed internally by snapd...
[[0;32m  OK  [0m] Started Load AppArmor profiles managed internally by snapd.
[[0;32m  OK  [0m] Started Set console font and keymap.
[[0;32m  OK  [0m] Created slice system-getty.slice.
[   11.831950] cloud-init[494]: Cloud-init v. 20.4.1-0ubuntu1~16.04.1 running 'init-local' at Thu, 15 Apr 2021 10:59:39 +0000. Up 11.30 seconds.
[[0;32m  OK  [0m] Started Initial cloud-init job (pre-networking).
[[0;32m  OK  [0m] Reached target Network (Pre).
         Starting Raise network interfaces...
[[0;32m  OK  [0m] Started Raise network interfaces.
[[0;32m  OK  [0m] Reached target Network.
         Starting Initial cloud-init job (metadata service crawler)...
[   13.233124] cloud-init[960]: Cloud-init v. 20.4.1-0ubuntu1~16.04.1 running 'init' at Thu, 15 Apr 2021 10:59:41 +0000. Up 12.55 seconds.
[   13.235514] cloud-init[960]: ci-info: ++++++++++++++++++++++++++++++++++++++Net device info+++++++++++++++++++++++++++++++++++++++
[   13.237703] cloud-init[960]: ci-info: +--------+-------+----------------------------+---------------+--------+-------------------+
[   13.240343] cloud-init[960]: ci-info: | Device |   Up  |          Address           |      Mask     | Scope  |     Hw-Address    |
[   13.249077] cloud-init[960]: ci-info: +--------+-------+----------------------------+---------------+--------+-------------------+
[   13.252239] cloud-init[960]: ci-info: | enp0s3 |  True |         10.0.2.15          | 255.255.255.0 | global | 02:b5:11:9f:b1:da |
[   13.254377] cloud-init[960]: ci-info: | enp0s3 |  True | fe80::b5:11ff:fe9f:b1da/64 |       .       |  link  | 02:b5:11:9f:b1:da |
[   13.256226] cloud-init[960]: ci-info: | enp0s8 | False |             .              |       .       |   .    | 08:00:27:69:1a:c2 |
[   13.259017] cloud-init[960]: ci-info: |   lo   |  True |         127.0.0.1          |   255.0.0.0   |  host  |         .         |
[   13.260922] cloud-init[960]: ci-info: |   lo   |  True |          ::1/128           |       .       |  host  |         .         |
[   13.263572] cloud-init[960]: ci-info: +--------+-------+----------------------------+---------------+--------+-------------------+
[   13.266915] cloud-init[960]: ci-info: +++++++++++++++++++++++++++Route IPv4 info++++++++++++++++++++++++++++
[   13.270837] cloud-init[960]: ci-info: +-------+-------------+----------+---------------+-----------+-------+
[   13.272401] cloud-init[960]: ci-info: | Route | Destination | Gateway  |    Genmask    | Interface | Flags |
[   13.274485] cloud-init[960]: ci-info: +-------+-------------+----------+---------------+-----------+-------+
[   13.282265] cloud-init[960]: ci-info: |   0   |   0.0.0.0   | 10.0.2.2 |    0.0.0.0    |   enp0s3  |   UG  |
[   13.286738] cloud-init[960]: ci-info: |   1   |   10.0.2.0  | 0.0.0.0  | 255.255.255.0 |   enp0s3  |   U   |
[   13.288954] cloud-init[960]: ci-info: +-------+-------------+----------+---------------+-----------+-------+
[   13.290815] cloud-init[960]: ci-info: +++++++++++++++++++Route IPv6 info+++++++++++++++++++
[   13.300882] cloud-init[960]: ci-info: +-------+-------------+---------+-----------+-------+
[   13.308550] cloud-init[960]: ci-info: | Route | Destination | Gateway | Interface | Flags |
[   13.309962] cloud-init[960]: ci-info: +-------+-------------+---------+-----------+-------+
[   13.311489] cloud-init[960]: ci-info: |   0   |  fe80::/64  |    ::   |   enp0s3  |   U   |
[   13.320635] cloud-init[960]: ci-info: |   3   |   ff00::/8  |    ::   |   enp0s3  |   U   |
[   13.322835] cloud-init[960]: ci-info: +-------+-------------+---------+-----------+-------+
[   13.325805] cloud-init[960]: Generating public/private rsa key pair.
[   13.327265] cloud-init[960]: Your identification has been saved in /etc/ssh/ssh_host_rsa_key.
[   13.330032] cloud-init[960]: Your public key has been saved in /etc/ssh/ssh_host_rsa_key.pub.
[   13.337216] cloud-init[960]: The key fingerprint is:
[   13.344986] cloud-init[960]: SHA256:a1/jJH4CtHVBg4LjeXAjfatR/Oxs2exa40LRcMl1CyY root@ubuntu-xenial
[   13.356563] cloud-init[960]: The key's randomart image is:
[   13.357583] cloud-init[960]: +---[RSA 2048]----+
[   13.358617] cloud-init[960]: |       o . Eo+ oo|
[   13.359605] cloud-init[960]: |      = = = =.= o|
[   13.360555] cloud-init[960]: |     . * = + = . |
[   13.361379] cloud-init[960]: |      o + o = .  |
[   13.362167] cloud-init[960]: |       oS= + =   |
[   13.364906] cloud-init[960]: |        +.  * o  |
[   13.366281] cloud-init[960]: |        o..o+.o  |
[   13.367562] cloud-init[960]: |       . o.=o+.. |
[   13.368735] cloud-init[960]: |          oooo.  |
[   13.369947] cloud-init[960]: +----[SHA256]-----+
[   13.371111] cloud-init[960]: Generating public/private dsa key pair.
[   13.372526] cloud-init[960]: Your identification has been saved in /etc/ssh/ssh_host_dsa_key.
[   13.374066] cloud-init[960]: Your public key has been saved in /etc/ssh/ssh_host_dsa_key.pub.
[   13.375380] cloud-init[960]: The key fingerprint is:
[   13.376377] cloud-init[960]: SHA256:JLjim4H0Gt0/BCQiaSzNhaJjtuy1HumkysWSi3XHArM root@ubuntu-xenial
[   13.377901] cloud-init[960]: The key's randomart image is:
[[0;32m  OK  [0m[   13.379422] ] cloud-initStarted Initial cloud-init job (metadata service crawler).[960]: 
+---[DSA 1024]----+
[   13.381296] cloud-init[960]: |.+ o.            |
[   13.382045] cloud-init[960]: |=++. o           |
[   13.384601] cloud-init[960]: |=.. + . .        |
[   13.384933] cloud-init[960]: |oo   o o         |
[   13.385381] cloud-init[960]: |+o= . . S        |
[[0;32m  OK  [0m] Reached target Network is Online.
[   13.385982] cloud-init[960]: |.==*o. .         |
[   13.392516] cloud-init[960]: |o+EO+.+          |
[   13.393284] cloud-init[960]: |ooX*.o..         |
[   13.401519] cloud-init[960]: |+=+o   ..        |
[   13.401759] cloud-init[960]: +----[SHA256]-----+
         Starting iSCSI initiator daemon (iscsid)...
[   13.401820] cloud-init[960]: Generating public/private ecdsa key pair.
[   13.401895] cloud-init[960]: Your identification has been saved in /etc/ssh/ssh_host_ecdsa_key.
[   13.402236] cloud-init[960]: Your public key has been saved in /etc/ssh/ssh_host_ecdsa_key.pub.
[   13.402390] cloud-init[960]: The key fingerprint is:
[   13.402640] cloud-init[960]: SHA256:gvQqWZ07AWlXG7qE01zd646bVthFB7JVs8A/Q8jeNWg root@ubuntu-xenial
[   13.402833] cloud-init[960]: The key's randomart image is:
[   13.403173] cloud-init[960]: +---[ECDSA 256]---+
[[0;32m  OK  [0m] Reached target Cloud-config availability.
[[0;32m  OK  [0m] Reached target System Initialization.
[[0;32m  OK  [0m] Listening on D-Bus System Message Bus Socket.
[[0;32m  OK  [0m] Started Daily Cleanup of Temporary Directories.
         Starting Socket activation for snappy daemon.
[[0;32m  OK  [0m] Started Message of the Day.
[[0;32m  OK  [0m] Listening on UUID daemon activation socket.
[   13.403227] cloud-init[960]: |        +. .+.=+.|
[   13.416529] [[0;32m  OK  [0m] Started ACPI Events Check.
[[0;32m  OK  [0m] Reached target Paths.
[[0;32m  OK  [0m] Started Daily apt download activities.
cloud-init[960]: |     = + o. .Eoo=|
[   13.419242]          Starting LXD - unix socket.
[[0;32m  OK  [0m] Started Daily apt upgrade and clean activities.
[[0;32m  OK  [0m] Reached target Timers.
[[0;32m  OK  [0m] Listening on ACPID Listen Socket.
[[0;32m  OK  [0m] Listening on Socket activation for snappy daemon.
cloud-init[960]: |    B * .   +o+oo|
[   13.422624] [[0;32m  OK  [0m] Listening on LXD - unix socket.
[cloud-init[0;32m  OK  [0m[960]: ] |   o O o    ...= |Reached target Sockets.

[[0;32m  OK  [0m] Reached target Basic System.
[   13.424464] [[0;32m  OK  [0m] Started Deferred execution scheduler.
         Starting LSB: Record successful boot for GRUB...
         Starting Login Service...
cloud-init[960]: |    o B S  + .  o|
[   13.429901] cloud-init[960]: |   o . +  . +    |
[   13.432696]          Starting /etc/rc.local Compatibility...
cloud-init         Starting LSB: MD monitoring daemon...
[960]:          Starting Accounts Service...
[[0;32m  OK  [0m] Started Regular background program processing daemon.
[[0;32m  OK  [0m] Started FUSE filesystem for LXC.
         Starting Virtualbox guest utils...
|  o . o    +     |[[0;32m  OK  [0m] Started ACPI event daemon.
         Starting Pollinate to seed the pseudo random number generator...
         Starting System Logging Service...
[[0;32m  OK  [0m] Started D-Bus System Message Bus.

[   13.475697] cloud-init[960]: |   .   .  o..    |
[   13.477082] cloud-init[960]: |         .o.     |
[   13.477902] cloud-init[960]: +----[SHA256]-----+
[   13.481546] cloud-init[960]: Generating public/private ed25519 key pair.
[   13.485296] cloud-init[960]: Your identification has been saved in /etc/ssh/ssh_host_ed25519_key.
[   13.487155] cloud-init[960]: Your public key has been saved in /etc/ssh/ssh_host_ed25519_key.pub.
[   13.488965] cloud-init[960]: The key fingerprint is:
[   13.490408] cloud-init[960]: SHA256:d3S+fn2g9pD9rnYeGOGCkMG+LnLv946zxwkgdTj96a0 root@ubuntu-xenial
[   13.493024] cloud-init[960]: The key's randomart image is:
[   13.494587] cloud-init[960]: +--[ED25519 256]--+
[   13.497066] cloud-init[960]: |      ..o        |
[   13.498971] cloud-init[960]: |       =oo       |
[   13.500721] cloud-init[960]: |      ooo . o..  |
[   13.503018] cloud-init[960]: |     . o. .+.o.  |
[   13.504079] cloud-init[960]: |      . S.o.oo.  |
[   13.505353] cloud-init[960]: |       . o o.++. |
[   13.506560] cloud-init[960]: |      .   o =ooo.|
[   13.507647] cloud-init[960]: |   . o . o.Eoo..*|
[   13.509166] cloud-init[960]: |    o +o.o*+ o+*=|
[   13.510088] cloud-init[960]: +----[SHA256]-----+
         Starting Snap Daemon...
         Starting LXD - container startup/shutdown...
[[0;32m  OK  [0m] Started System Logging Service.
[[0;32m  OK  [0m] Started /etc/rc.local Compatibility.
[[0;32m  OK  [0m] Started Login Service.
[[0;32m  OK  [0m] Started Unattended Upgrades Shutdown.
[[0;32m  OK  [0m] Started iSCSI initiator daemon (iscsid).
         Starting Login to default iSCSI targets...
         Starting Authenticate and Authorize Users to Run Privileged Tasks...
[[0;32m  OK  [0m] Started LSB: MD monitoring daemon.
[[0;32m  OK  [0m] Started LSB: Record successful boot for GRUB.
[[0;32m  OK  [0m] Started Login to default iSCSI targets.
[[0;32m  OK  [0m] Reached target Remote File Systems (Pre).
[[0;32m  OK  [0m] Reached target Remote File Systems.
         Starting Permit User Sessions...
         Starting LSB: daemon to balance interrupts for SMP systems...
         Starting LSB: automatic crash report generation...
         Starting LSB: Set the CPU Frequency Scaling governor to "ondemand"...
[[0;32m  OK  [0m] Started Permit User Sessions.
         Starting Terminate Plymouth Boot Screen...
         Starting Hold until boot process finishes up...
[[0;32m  OK  [0m] Started Terminate Plymouth Boot Screen.
[[0;32m  OK  [0m] Started Hold until boot process finishes up.
[[0;32m  OK  [0m] Started Authenticate and Authorize Users to Run Privileged Tasks.
         Starting Set console scheme...
[[0;32m  OK  [0m] Started Serial Getty on ttyS0.
[[0;32m  OK  [0m] Started Getty on tty1.
[[0;32m  OK  [0m] Reached target Login Prompts.
[[0;32m  OK  [0m] Started Set console scheme.
[[0;32m  OK  [0m] Started Accounts Service.
[[0;32m  OK  [0m] Started LSB: Set the CPU Frequency Scaling governor to "ondemand".
[[0;32m  OK  [0m] Started LSB: automatic crash report generation.
[[0;32m  OK  [0m] Started LSB: daemon to balance interrupts for SMP systems.
[[0;32m  OK  [0m] Started Virtualbox guest utils.
[[0;32m  OK  [0m] Started LXD - container startup/shutdown.
[[0;32m  OK  [0m] Started Pollinate to seed the pseudo random number generator.
         Starting OpenBSD Secure Shell server...
[[0;32m  OK  [0m] Started OpenBSD Secure Shell server.
[[0;32m  OK  [0m] Started Snap Daemon.
         Starting Wait until snapd is fully seeded...
[[0;32m  OK  [0m] Started Wait until snapd is fully seeded.
[[0;32m  OK  [0m] Reached target Multi-User System.
[[0;32m  OK  [0m] Reached target Graphical Interface.
         Starting Update UTMP about System Runlevel Changes...
         Starting Apply the settings specified in cloud-config...
[[0;32m  OK  [0m] Started Update UTMP about System Runlevel Changes.
[   15.652304] cloud-init[1309]: Generating locales (this might take a while)...
[   16.552479] cloud-init[1309]:   en_US.UTF-8... done
[   16.553877] cloud-init[1309]: Generation complete.
[   16.940124] cloud-init[1309]: Cloud-init v. 20.4.1-0ubuntu1~16.04.1 running 'modules:config' at Thu, 15 Apr 2021 10:59:44 +0000. Up 15.51 seconds.
[[0;32m  OK  [0m] Started Apply the settings specified in cloud-config.
         Starting Execute cloud user/final scripts...
ci-info: no authorized SSH keys fingerprints found for user ubuntu.
<14>Apr 15 10:59:46 ec2: 
<14>Apr 15 10:59:46 ec2: #############################################################
<14>Apr 15 10:59:46 ec2: -----BEGIN SSH HOST KEY FINGERPRINTS-----
<14>Apr 15 10:59:46 ec2: 1024 SHA256:JLjim4H0Gt0/BCQiaSzNhaJjtuy1HumkysWSi3XHArM root@ubuntu-xenial (DSA)
<14>Apr 15 10:59:46 ec2: 256 SHA256:gvQqWZ07AWlXG7qE01zd646bVthFB7JVs8A/Q8jeNWg root@ubuntu-xenial (ECDSA)
<14>Apr 15 10:59:46 ec2: 256 SHA256:d3S+fn2g9pD9rnYeGOGCkMG+LnLv946zxwkgdTj96a0 root@ubuntu-xenial (ED25519)
<14>Apr 15 10:59:46 ec2: 2048 SHA256:a1/jJH4CtHVBg4LjeXAjfatR/Oxs2exa40LRcMl1CyY root@ubuntu-xenial (RSA)
<14>Apr 15 10:59:46 ec2: -----END SSH HOST KEY FINGERPRINTS-----
<14>Apr 15 10:59:46 ec2: #############################################################
-----BEGIN SSH HOST KEY KEYS-----
ecdsa-sha2-nistp256 AAAAE2VjZHNhLXNoYTItbmlzdHAyNTYAAAAIbmlzdHAyNTYAAABBBH2LFGqTF6b4U3cxWt6hUdU5priCxxAhtaQweZYbn3uw6TpoLjuZ9dbjPnj3+rqJJgNe2YCZ5VnLWLLxUDwmezo= root@ubuntu-xenial
ssh-ed25519 AAAAC3NzaC1lZDI1NTE5AAAAIMicEGsXFGPGD6NCH1gKHFd6FVd+BRQLnFXyep3z13yP root@ubuntu-xenial
ssh-rsa AAAAB3NzaC1yc2EAAAADAQABAAABAQDVFB0D2rlGg7YrVxvb6r8e8RXzb8lTmwmcTecx9s+JtN/yM26ZCQc/DCPfTRnB3NHBn0JxXKh2s38Fw+RfdTqDkMA90vsvjZjPFB4JjApjZu11jkoVQoUBymSAkiwLCkOj6uVz4p5CsZQmKNgIrZFuOipZyyaa9o2QyQUp6rIqrPQ8YHriFgrpqUfmqaEIXcbtbMS1nFvxAXcgf8DgTaTQcShS5TkOPzmGFZGzo1Ysbtx+sGsR6W9L++on0vyTLa/PEzeeZg0SDMN6uh90wNdz3AjTPTLoq4oPlg0Xi1/xYl/LOjfj6nxfTOU0R5SpFk7o2Om6sYGJ5MQIKK0XCZ6P root@ubuntu-xenial
-----END SSH HOST KEY KEYS-----
[   17.503048] cloud-init[1352]: Cloud-init v. 20.4.1-0ubuntu1~16.04.1 running 'modules:final' at Thu, 15 Apr 2021 10:59:45 +0000. Up 17.33 seconds.
[   17.506201] cloud-init[1352]: ci-info: no authorized SSH keys fingerprints found for user ubuntu.
[   17.507853] cloud-init[1352]: Cloud-init v. 20.4.1-0ubuntu1~16.04.1 finished at Thu, 15 Apr 2021 10:59:46 +0000. Datasource DataSourceNoCloud [seed=/dev/sdb][dsmode=net].  Up 17.49 seconds
[[0;32m  OK  [0m] Started Execute cloud user/final scripts.
[[0;32m  OK  [0m] Reached target Cloud-init target.

Ubuntu 16.04.7 LTS ubuntu-xenial ttyS0

ubuntu-xenial login: 